/mnt/c/Users/jerem/Dropbox/Homebrew/3DS/LovePotion/source/modules/filesystem/filesystem.cpp: In static member function 'static int love::Filesystem::GetDirectoryItems(lua_State*)':
/mnt/c/Users/jerem/Dropbox/Homebrew/3DS/LovePotion/source/modules/filesystem/filesystem.cpp:150:13: warning: suggest parentheses around assignment used as truth value [-Wparentheses]
   while (ep = readdir(dp))
          ~~~^~~~~~~~~~~~~
/mnt/c/Users/jerem/Dropbox/Homebrew/3DS/LovePotion/source/modules/graphics/wrap_graphics.cpp: In function 'void* allocateAlign(size_t, size_t)':
/mnt/c/Users/jerem/Dropbox/Homebrew/3DS/LovePotion/source/modules/graphics/wrap_graphics.cpp:39:42: warning: pointer of type 'void *' used in arithmetic [-Wpointer-arith]
  void * bufferObject = (void *)((buffer) + bufferIndent);
                                 ~~~~~~~~~^~~~~~~~~~~~~~
/mnt/c/Users/jerem/Dropbox/Homebrew/3DS/LovePotion/source/modules/graphics/wrap_graphics.cpp: In function 'void graphicsPrintf(const char*, float, float, float)':
/mnt/c/Users/jerem/Dropbox/Homebrew/3DS/LovePotion/source/modules/graphics/wrap_graphics.cpp:402:20: warning: comparison between signed and unsigned integer expressions [-Wsign-compare]
  for (int i = 0; i < strlen(text); i++)
                  ~~^~~~~~~~~~~~~~
