Archive member included to satisfy reference by file (symbol)

/home/ruairidh/GitHub/LovePotion/source/libs/libsfil/lib/libsfil.a(sfil_png.o)
                              image.o (sfil_load_PNG_file)
/opt/devkitpro/portlibs/armv6k/lib/libpng.a(png.o)
                              /home/ruairidh/GitHub/LovePotion/source/libs/libsfil/lib/libsfil.a(sfil_png.o) (png_set_sig_bytes)
/opt/devkitpro/portlibs/armv6k/lib/libpng.a(pngerror.o)
                              /opt/devkitpro/portlibs/armv6k/lib/libpng.a(png.o) (png_safecat)
/opt/devkitpro/portlibs/armv6k/lib/libpng.a(pngget.o)
                              /home/ruairidh/GitHub/LovePotion/source/libs/libsfil/lib/libsfil.a(sfil_png.o) (png_get_valid)
/opt/devkitpro/portlibs/armv6k/lib/libpng.a(pngmem.o)
                              /opt/devkitpro/portlibs/armv6k/lib/libpng.a(png.o) (png_calloc)
/opt/devkitpro/portlibs/armv6k/lib/libpng.a(pngread.o)
                              /home/ruairidh/GitHub/LovePotion/source/libs/libsfil/lib/libsfil.a(sfil_png.o) (png_create_read_struct)
/opt/devkitpro/portlibs/armv6k/lib/libpng.a(pngrio.o)
                              /home/ruairidh/GitHub/LovePotion/source/libs/libsfil/lib/libsfil.a(sfil_png.o) (png_set_read_fn)
/opt/devkitpro/portlibs/armv6k/lib/libpng.a(pngrtran.o)
                              /opt/devkitpro/portlibs/armv6k/lib/libpng.a(pngread.o) (png_set_background_fixed)
/opt/devkitpro/portlibs/armv6k/lib/libpng.a(pngrutil.o)
                              /opt/devkitpro/portlibs/armv6k/lib/libpng.a(pngread.o) (png_read_sig)
/opt/devkitpro/portlibs/armv6k/lib/libpng.a(pngset.o)
                              /opt/devkitpro/portlibs/armv6k/lib/libpng.a(pngrutil.o) (png_set_bKGD)
/opt/devkitpro/portlibs/armv6k/lib/libpng.a(pngtrans.o)
                              /opt/devkitpro/portlibs/armv6k/lib/libpng.a(pngread.o) (png_set_bgr)
/opt/devkitpro/portlibs/armv6k/lib/libpng.a(pngwrite.o)
                              /opt/devkitpro/portlibs/armv6k/lib/libpng.a(png.o) (png_destroy_write_struct)
/opt/devkitpro/portlibs/armv6k/lib/libpng.a(pngwtran.o)
                              /opt/devkitpro/portlibs/armv6k/lib/libpng.a(pngwrite.o) (png_do_write_transformations)
/opt/devkitpro/portlibs/armv6k/lib/libpng.a(pngwutil.o)
                              /opt/devkitpro/portlibs/armv6k/lib/libpng.a(pngwrite.o) (png_write_sig)
/opt/devkitpro/portlibs/armv6k/lib/libpng.a(pngwio.o)
                              /opt/devkitpro/portlibs/armv6k/lib/libpng.a(pngwutil.o) (png_write_data)
/opt/devkitpro/portlibs/armv6k/lib/libz.a(adler32.o)
                              /opt/devkitpro/portlibs/armv6k/lib/libpng.a(png.o) (adler32)
/opt/devkitpro/portlibs/armv6k/lib/libz.a(crc32.o)
                              /opt/devkitpro/portlibs/armv6k/lib/libpng.a(png.o) (crc32)
/opt/devkitpro/portlibs/armv6k/lib/libz.a(deflate.o)
                              /opt/devkitpro/portlibs/armv6k/lib/libpng.a(pngwutil.o) (deflateReset)
/opt/devkitpro/portlibs/armv6k/lib/libz.a(inflate.o)
                              /opt/devkitpro/portlibs/armv6k/lib/libpng.a(png.o) (inflateReset)
/opt/devkitpro/portlibs/armv6k/lib/libz.a(inftrees.o)
                              /opt/devkitpro/portlibs/armv6k/lib/libz.a(inflate.o) (inflate_table)
/opt/devkitpro/portlibs/armv6k/lib/libz.a(trees.o)
                              /opt/devkitpro/portlibs/armv6k/lib/libz.a(deflate.o) (_tr_init)
/opt/devkitpro/portlibs/armv6k/lib/libz.a(zutil.o)
                              /opt/devkitpro/portlibs/armv6k/lib/libz.a(deflate.o) (zcalloc)
/opt/devkitpro/portlibs/armv6k/lib/libz.a(inffast.o)
                              /opt/devkitpro/portlibs/armv6k/lib/libz.a(inflate.o) (inflate_fast)
/opt/devkitpro/libctru/lib/libsf2d.a(sf2d_texture.o)
                              /home/ruairidh/GitHub/LovePotion/source/libs/libsfil/lib/libsfil.a(sfil_png.o) (sf2d_create_texture)
/opt/devkitpro/libctru/lib/libsf2d.a(sf2d.o)
                              main.o (sf2d_init)
/opt/devkitpro/libctru/lib/libsf2d.a(sf2d_draw.o)
                              graphics.o (sf2d_draw_line)
/opt/devkitpro/libctru/lib/libsf2d.a(sf2d_private.o)
                              /opt/devkitpro/libctru/lib/libsf2d.a(sf2d.o) (GPU_SetDummyTexEnv)
/opt/devkitpro/libctru/lib/libsf2d.a(shader.vsh.o)
                              /opt/devkitpro/libctru/lib/libsf2d.a(sf2d.o) (shader_vsh_shbin_size)
/opt/devkitpro/libctru/lib/libctru.a(vram.o)
                              /opt/devkitpro/libctru/lib/libsf2d.a(sf2d_texture.o) (vramMemAlign)
/opt/devkitpro/libctru/lib/libctru.a(linear.o)
                              /opt/devkitpro/libctru/lib/libsf2d.a(sf2d_texture.o) (linearMemAlign)
/opt/devkitpro/libctru/lib/libctru.a(mem_pool.o)
                              /opt/devkitpro/libctru/lib/libctru.a(vram.o) (MemPool::Allocate(MemChunk&, unsigned long, int))
/opt/devkitpro/libctru/lib/libctru.a(os.o)
                              /opt/devkitpro/libctru/lib/libsf2d.a(sf2d_texture.o) (osConvertVirtToPhys)
[...]
Memory Configuration

Name             Origin             Length             Attributes
*default*        0x0000000000000000 0xffffffffffffffff

Linker script and memory map

                0x0000000000100000                . = 0x100000
                0x0000000000100000                __start__ = .

.text           0x0000000000100000    0xfb374
 *(.crt0)
 .crt0          0x0000000000100000       0x94 /opt/devkitpro/devkitARM/lib/gcc/arm-none-eabi/4.9.2/../../../../arm-none-eabi/lib/armv6k/fpu/3dsx_crt0.o
                0x0000000000100000                _start
                0x0000000000100008                __service_ptr
                0x000000000010000c                __apt_appid
                0x0000000000100010                __heap_size
                0x0000000000100014                __linear_heap_size
                0x0000000000100018                __system_arglist
                0x000000000010001c                __system_runflags
 *(.init)
 .init          0x0000000000100094        0xc /opt/devkitpro/devkitARM/lib/gcc/arm-none-eabi/4.9.2/armv6k/fpu/crti.o
                0x0000000000100094                _init
 .init          0x00000000001000a0        0xc /opt/devkitpro/devkitARM/lib/gcc/arm-none-eabi/4.9.2/armv6k/fpu/crtn.o
                0x00000000001000ac                . = ALIGN (0x4)
 *(.text)
 .text          0x00000000001000ac        0x0 /opt/devkitpro/devkitARM/lib/gcc/arm-none-eabi/4.9.2/../../../../arm-none-eabi/lib/armv6k/fpu/3dsx_crt0.o
 .text          0x00000000001000ac        0x0 /opt/devkitpro/devkitARM/lib/gcc/arm-none-eabi/4.9.2/armv6k/fpu/crti.o
 .text          0x00000000001000ac      0x108 /opt/devkitpro/devkitARM/lib/gcc/arm-none-eabi/4.9.2/armv6k/fpu/crtbegin.o
 .text          0x00000000001001b4        0x0 Vera.ttf.o
 .text          0x00000000001001b4        0x0 logo.png.o
 .text          0x00000000001001b4        0x0 main.o
 .text          0x00000000001001b4     0x101c liolib.o
                0x0000000000101064                luaopen_io
 .text          0x00000000001011d0        0x0 lopcodes.o
 .text          0x00000000001011d0      0x120 lmem.o
                0x00000000001011d0                luaM_toobig
                0x00000000001011e8                luaM_realloc_
                0x0000000000101248                luaM_growaux_
 .text          0x00000000001012f0      0x758 loslib.o
                0x0000000000101a28                luaopen_os
 .text          0x0000000000101a48     0x133c ldebug.o
                0x00000000001023d8                lua_sethook
                0x0000000000102404                lua_gethook
                0x000000000010240c                lua_gethookmask
                0x0000000000102414                lua_gethookcount
                0x000000000010241c                lua_getstack
                0x00000000001024b8                lua_getlocal
                0x0000000000102500                lua_setlocal
                0x000000000010255c                lua_getinfo
                0x0000000000102a40                luaG_checkopenop
                0x0000000000102a80                luaG_checkcode
                0x0000000000102a9c                luaG_errormsg
                0x0000000000102b3c                luaG_runerror
                0x0000000000102c14                luaG_typeerror
                0x0000000000102cd4                luaG_concaterror
                0x0000000000102cec                luaG_aritherror
                0x0000000000102d30                luaG_ordererror
 .text          0x0000000000102d84       0xf8 ltm.o
                0x0000000000102d84                luaT_init
                0x0000000000102df0                luaT_gettm
                0x0000000000102e24                luaT_gettmbyobj
 .text          0x0000000000102e7c      0xd04 loadlib.o
                0x00000000001039b8                luaopen_package
 .text          0x0000000000103b80       0x54 linit.o
                0x0000000000103b80                luaL_openlibs
 *fill*         0x0000000000103bd4        0x4 
 .text          0x0000000000103bd8      0x720 lmathlib.o
                0x0000000000104258                luaopen_math
 .text          0x00000000001042f8      0x4ac lstate.o
                0x00000000001044e4                luaE_newthread
                0x00000000001045a4                luaE_freethread
                0x00000000001045e0                lua_newstate
                0x0000000000104734                lua_close
 .text          0x00000000001047a4     0x1e38 lstrlib.o
                0x000000000010651c                luaopen_string
 .text          0x00000000001065dc      0x594 lobject.o
                0x0000000000106640                luaO_int2fb
                0x0000000000106674                luaO_fb2int
                0x0000000000106690                luaO_log2
                0x00000000001066c0                luaO_rawequalObj
                0x0000000000106730                luaO_str2d
                0x00000000001067f0                luaO_pushvfstring
                0x0000000000106a24                luaO_pushfstring
                0x0000000000106a54                luaO_chunkid
 .text          0x0000000000106b70     0x12c0 llex.o
                0x0000000000106bac                luaX_init
                0x0000000000106c00                luaX_token2str
                0x0000000000106c24                luaX_lexerror
                0x0000000000107174                luaX_syntaxerror
                0x000000000010717c                luaX_newstring
                0x0000000000107d28                luaX_setinput
                0x0000000000107dc8                luaX_next
                0x0000000000107e18                luaX_lookahead
 .text          0x0000000000107e30     0x1490 lbaselib.o
                0x0000000000109140                luaopen_base
 .text          0x00000000001092c0      0xdf8 ldblib.o
                0x000000000010a098                luaopen_debug
 .text          0x000000000010a0b8      0x194 lzio.o
                0x000000000010a0b8                luaZ_fill
                0x000000000010a110                luaZ_lookahead
                0x000000000010a150                luaZ_init
                0x000000000010a16c                luaZ_read
                0x000000000010a1e0                luaZ_openspace
 *fill*         0x000000000010a24c        0x4 
 .text          0x000000000010a250      0x8f8 ltablib.o
                0x000000000010ab24                luaopen_table
 .text          0x000000000010ab48      0xe40 ltable.o
                0x000000000010ae00                luaH_next
                0x000000000010b008                luaH_new
                0x000000000010b090                luaH_free
                0x000000000010b0f4                luaH_getnum
                0x000000000010b184                luaH_getstr
                0x000000000010b1e0                luaH_get
                0x000000000010b27c                luaH_setnum
                0x000000000010b490                luaH_resizearray
                0x000000000010b7a4                luaH_set
                0x000000000010b80c                luaH_setstr
                0x000000000010b868                luaH_getn
 .text          0x000000000010b988      0x308 lstring.o
                0x000000000010b988                luaS_resize
                0x000000000010ba70                luaS_newlstr
                0x000000000010bc18                luaS_newudata
 .text          0x000000000010bc90     0x125c lauxlib.o
                0x000000000010beb4                luaL_where
                0x000000000010bf28                luaL_error
                0x000000000010bf7c                luaL_argerror
                0x000000000010c04c                luaL_typerror
                0x000000000010c0c0                luaL_newmetatable
                0x000000000010c138                luaL_checkudata
                0x000000000010c1c0                luaL_checkstack
                0x000000000010c1f0                luaL_checktype
                0x000000000010c220                luaL_checkany
                0x000000000010c250                luaL_checklstring
                0x000000000010c288                luaL_optlstring
                0x000000000010c2dc                luaL_checkoption
                0x000000000010c370                luaL_checknumber
                0x000000000010c3d0                luaL_optnumber
                0x000000000010c410                luaL_checkinteger
                0x000000000010c45c                luaL_optinteger
                0x000000000010c490                luaL_getmetafield
                0x000000000010c504                luaL_callmeta
                0x000000000010c580                luaL_findtable
                0x000000000010c688                luaL_openlib
                0x000000000010c7f8                luaL_register
                0x000000000010c800                luaL_prepbuffer
                0x000000000010c834                luaL_addlstring
                0x000000000010c890                luaL_addstring
                0x000000000010c8b8                luaL_pushresult
                0x000000000010c8dc                luaL_gsub
                0x000000000010c978                luaL_addvalue
                0x000000000010ca28                luaL_buffinit
                0x000000000010ca3c                luaL_ref
                0x000000000010cb0c                luaL_unref
                0x000000000010cb88                luaL_loadfile
                0x000000000010ce58                luaL_loadbuffer
                0x000000000010ce7c                luaL_loadstring
                0x000000000010cebc                luaL_newstate
 *fill*         0x000000000010ceec        0x4 
 .text          0x000000000010cef0     0x2958 lparser.o
                0x000000000010f7a8                luaY_parser
 .text          0x000000000010f848     0x1ea8 lvm.o
                0x000000000010fd7c                luaV_tonumber
                0x000000000010fda0                luaV_tostring
                0x000000000010fdb8                luaV_gettable
                0x000000000010fef0                luaV_settable
                0x000000000011009c                luaV_lessthan
                0x0000000000110120                luaV_equalval
                0x0000000000110224                luaV_concat
                0x00000000001104a0                luaV_execute
 .text          0x00000000001116f0     0x1a48 lcode.o
                0x0000000000111bf8                luaK_getlabel
                0x0000000000111c08                luaK_concat
                0x0000000000111c70                luaK_patchtohere
                0x0000000000111c84                luaK_patchlist
                0x0000000000111cc8                luaK_jump
                0x0000000000111d14                luaK_checkstack
                0x0000000000111d60                luaK_reserveregs
                0x0000000000111d80                luaK_stringK
                0x0000000000111da8                luaK_numberK
                0x0000000000111dd0                luaK_setreturns
                0x0000000000111e84                luaK_setoneret
                0x0000000000111eec                luaK_fixline
                0x0000000000111f04                luaK_codeABC
                0x0000000000111f2c                luaK_nil
                0x0000000000111fd0                luaK_ret
                0x0000000000111ff8                luaK_dischargevars
                0x000000000011211c                luaK_codeABx
                0x00000000001123cc                luaK_exp2nextreg
                0x0000000000112420                luaK_exp2anyreg
                0x0000000000112484                luaK_exp2val
                0x000000000011249c                luaK_exp2RK
                0x00000000001125a8                luaK_indexed
                0x0000000000112860                luaK_posfix
                0x0000000000112aa8                luaK_self
                0x0000000000112b50                luaK_prefix
                0x0000000000112dcc                luaK_goiftrue
                0x0000000000112e84                luaK_infix
                0x0000000000112fa0                luaK_storevar
                0x00000000001130a0                luaK_setlist
 .text          0x0000000000113138      0x708 lundump.o
                0x0000000000113744                luaU_header
                0x0000000000113794                luaU_undump
 .text          0x0000000000113840      0xf10 ldo.o
                0x0000000000113840                luaD_seterrorobj
                0x00000000001138cc                luaD_rawrunprotected
                0x0000000000113930                luaD_reallocstack
                0x0000000000113a20                luaD_reallocCI
                0x0000000000113a9c                luaD_throw
                0x0000000000113bc0                luaD_growstack
                0x0000000000113d3c                luaD_callhook
                0x0000000000113e14                luaD_poscall
                0x0000000000113f34                luaD_precall
                0x0000000000114498                luaD_call
                0x000000000011454c                lua_resume
                0x00000000001145ec                lua_yield
                0x000000000011462c                luaD_pcall
                0x00000000001146e8                luaD_protectedparser
 .text          0x0000000000114750     0x1798 lapi.o
                0x0000000000114964                luaA_pushobject
                0x000000000011498c                lua_checkstack
                0x00000000001149fc                lua_xmove
                0x0000000000114a5c                lua_atpanic
                0x0000000000114a6c                lua_newthread
                0x0000000000114ab4                lua_gettop
                0x0000000000114ac8                lua_settop
                0x0000000000114b14                lua_remove
                0x0000000000114b58                lua_insert
                0x0000000000114ba4                lua_replace
                0x0000000000114c7c                lua_pushvalue
                0x0000000000114ca8                lua_type
                0x0000000000114cc8                lua_typename
                0x0000000000114ce4                lua_iscfunction
                0x0000000000114d14                lua_isnumber
                0x0000000000114d48                lua_isstring
                0x0000000000114d80                lua_isuserdata
                0x0000000000114da0                lua_rawequal
                0x0000000000114dec                lua_equal
                0x0000000000114e64                lua_lessthan
                0x0000000000114eb4                lua_tonumber
                0x0000000000114f00                lua_tointeger
                0x0000000000114f48                lua_toboolean
                0x0000000000114f84                lua_tolstring
                0x0000000000115014                lua_objlen
                0x000000000011508c                lua_tocfunction
                0x00000000001150bc                lua_touserdata
                0x00000000001150f4                lua_tothread
                0x0000000000115110                lua_topointer
                0x0000000000115170                lua_pushnil
                0x0000000000115188                lua_pushnumber
                0x00000000001151a8                lua_pushinteger
                0x00000000001151d0                lua_pushlstring
                0x0000000000115228                lua_pushstring
                0x000000000011526c                lua_pushvfstring
                0x00000000001152a8                lua_pushfstring
                0x00000000001152f8                lua_pushcclosure
                0x00000000001153c0                lua_pushboolean
                0x00000000001153e8                lua_pushlightuserdata
                0x0000000000115408                lua_pushthread
                0x0000000000115440                lua_gettable
                0x0000000000115468                lua_getfield
                0x00000000001154cc                lua_rawget
                0x0000000000115500                lua_rawgeti
                0x000000000011553c                lua_createtable
                0x0000000000115594                lua_getmetatable
                0x00000000001155f8                lua_getfenv
                0x0000000000115674                lua_settable
                0x00000000001156a8                lua_setfield
                0x0000000000115710                lua_rawset
                0x0000000000115790                lua_rawseti
                0x0000000000115814                lua_setmetatable
                0x0000000000115904                lua_setfenv
                0x00000000001159b0                lua_call
                0x00000000001159f4                lua_pcall
                0x0000000000115a88                lua_cpcall
                0x0000000000115ac4                lua_load
                0x0000000000115b0c                lua_dump
                0x0000000000115b5c                lua_status
                0x0000000000115b64                lua_gc
                0x0000000000115c58                lua_error
                0x0000000000115c68                lua_next
                0x0000000000115ca0                lua_concat
                0x0000000000115d40                lua_getallocf
                0x0000000000115d5c                lua_setallocf
                0x0000000000115d6c                lua_newuserdata
                0x0000000000115dec                lua_getupvalue
                0x0000000000115e48                lua_setupvalue
 .text          0x0000000000115ee8     0x136c lgc.o
                0x0000000000116a90                luaC_separateudata
                0x0000000000116f88                luaC_callGCTM
                0x0000000000116fbc                luaC_freeall
                0x0000000000117014                luaC_step
                0x00000000001170c0                luaC_fullgc
                0x0000000000117164                luaC_barrierf
                0x0000000000117198                luaC_barrierback
                0x00000000001171b8                luaC_link
                0x00000000001171dc                luaC_linkupval
 .text          0x0000000000117254      0xa00 print.o
                0x00000000001175c8                luaU_print
 *fill*         0x0000000000117c54        0x4 
 .text          0x0000000000117c58     0x12e8 compat-5.2.o
                0x0000000000117d54                lua_absindex
                0x0000000000117d88                lua_copy
                0x0000000000117dec                lua_rawgetp
                0x0000000000117e3c                lua_rawsetp
                0x0000000000117f58                luaL_testudata
                0x0000000000117fec                lua_tonumberx
                0x0000000000118048                lua_getuservalue
                0x00000000001181a0                lua_setuservalue
                0x0000000000118208                luaL_setfuncs
                0x00000000001182b8                luaL_setmetatable
                0x00000000001182f8                luaL_getsubtable
                0x00000000001183c0                luaL_traceback
                0x000000000011867c                luaL_checkversion
                0x0000000000118680                luaL_fileresult
                0x000000000011870c                luaL_execresult
                0x000000000011876c                lua_arith
                0x0000000000118800                lua_compare
                0x0000000000118904                lua_pushunsigned
                0x0000000000118918                luaL_checkunsigned
                0x00000000001189ac                lua_tounsignedx
                0x00000000001189fc                luaL_optunsigned
                0x0000000000118a30                lua_tointegerx
                0x0000000000118a80                lua_len
                0x0000000000118b2c                luaL_len
                0x0000000000118bac                luaL_tolstring
                0x0000000000118ca4                luaL_requiref
                0x0000000000118d7c                luaL_buffinit_52
                0x0000000000118da8                luaL_prepbuffsize_52
                0x0000000000118e48                luaL_addlstring_52
                0x0000000000118e7c                luaL_addvalue_52
                0x0000000000118f08                luaL_pushresult_52
 .text          0x0000000000118f40      0x46c lfunc.o
                0x0000000000118f40                luaF_newCclosure
                0x0000000000118f90                luaF_newLclosure
                0x0000000000119008                luaF_newupval
                0x000000000011904c                luaF_findupval
                0x0000000000119120                luaF_freeupval
                0x000000000011914c                luaF_close
                0x00000000001191e0                luaF_newproto
                0x0000000000119264                luaF_freeproto
                0x0000000000119318                luaF_freeclosure
                0x000000000011933c                luaF_getlocalname
 .text          0x00000000001193ac      0x5a4 ldump.o
                0x00000000001198e4                luaU_dump
 .text          0x0000000000119950       0x80 window.o
                0x0000000000119950                windowSetMode
                0x0000000000119958                windowGetDisplayCount
                0x0000000000119978                initLoveWindow
 .text          0x00000000001199d0      0x178 love.o
                0x00000000001199e8                initLove
 .text          0x0000000000119b48      0x17c system.o
                0x0000000000119c70                initLoveSystem
 .text          0x0000000000119cc4       0x60 event.o
                0x0000000000119cdc                initLoveEvent
 *fill*         0x0000000000119d24        0x4 
 .text          0x0000000000119d28      0x850 graphics.o
                0x000000000011a4f8                getCurrentColor
                0x000000000011a528                initLoveGraphics
 .text          0x000000000011a578      0x210 input.o
                0x000000000011a578                keyboardIsDown
                0x000000000011a628                inputScan
                0x000000000011a734                initLoveKeyboard
 .text          0x000000000011a788      0x180 timer.o
                0x000000000011a878                roundNumber
                0x000000000011a8a8                initLoveTimer
 .text          0x000000000011a908      0x1b0 font.o
                0x000000000011a908                fontNew
                0x000000000011a9f0                fontGC
                0x000000000011aa10                fontInit
                0x000000000011aa30                fontDefaultInit
                0x000000000011aa60                initFontClass
 .text          0x000000000011aab8      0x18c image.o
                0x000000000011aab8                imageNew
                0x000000000011ab0c                imageGC
                0x000000000011ab2c                imageGetDimensions
                0x000000000011ab6c                imageGetWidth
                0x000000000011ab98                imageGetHeight
                0x000000000011abc4                imageInit
                0x000000000011abe4                initImageClass
 .text          0x000000000011ac44      0x214 luaobj.o
                0x000000000011ac44                luaobj_newclass
                0x000000000011ad88                luaobj_setclass
                0x000000000011adf0                luaobj_newudata
                0x000000000011ae08                luaobj_checkudata
 .text          0x000000000011ae58      0x3e8 /home/ruairidh/GitHub/LovePotion/source/libs/libsfil/lib/libsfil.a(sfil_png.o)
                0x000000000011b158                sfil_load_PNG_file
                0x000000000011b1f4                sfil_load_PNG_buffer
 .text          0x000000000011b240     0x6d60 /opt/devkitpro/portlibs/armv6k/lib/libpng.a(png.o)
                0x000000000011b240                png_zalloc
                0x000000000011b298                png_zfree
                0x000000000011bb98                png_set_sig_bytes
                0x000000000011bbcc                png_sig_cmp
                0x000000000011bc3c                png_reset_crc
                0x000000000011bc5c                png_calculate_crc
                0x000000000011bcb0                png_user_version_check
                0x000000000011bdb0                png_create_png_struct
                0x000000000011bec4                png_create_info_struct
                0x000000000011bf04                png_destroy_info_struct
                0x000000000011c28c                png_info_init_3
                0x000000000011c2e8                png_data_freer
                0x000000000011c334                png_free_data
                0x000000000011c344                png_get_io_ptr
                0x000000000011c350                png_init_io
                0x000000000011c35c                png_save_int_32
                0x000000000011c37c                png_convert_to_rfc1123_buffer
                0x000000000011c560                png_convert_to_rfc1123
                0x000000000011c754                png_get_copyright
                0x000000000011c760                png_get_libpng_ver
                0x000000000011c76c                png_get_header_ver
                0x000000000011c778                png_get_header_version
                0x000000000011c784                png_build_grayscale_palette
                0x000000000011c7e4                png_handle_as_unknown
                0x000000000011c858                png_chunk_unknown_handling
                0x000000000011c8e8                png_reset_zstream
                0x000000000011c900                png_access_version_number
                0x000000000011c90c                png_zstream_error
                0x000000000011c9f0                png_colorspace_set_gamma
                0x000000000011cb60                png_colorspace_sync_info
                0x000000000011cbd0                png_colorspace_sync
                0x000000000011cc58                png_colorspace_set_sRGB
                0x000000000011cedc                png_icc_check_length
                0x000000000011d074                png_icc_check_header
                0x000000000011d3d0                png_icc_check_tag_table
                0x000000000011d508                png_icc_set_sRGB
                0x000000000011d75c                png_colorspace_set_ICC
                0x000000000011db34                png_colorspace_set_rgb_coefficients
                0x000000000011dddc                png_check_IHDR
                0x000000000011e094                png_check_fp_number
                0x000000000011e32c                png_check_fp_string
                0x000000000011e5ec                png_ascii_from_fp
                0x000000000011ef10                png_ascii_from_fixed
                0x000000000011f340                png_fixed
                0x000000000011f3c8                png_muldiv
                0x000000000011f480                png_muldiv_warn
                0x000000000011f53c                png_reciprocal
                0x000000000011f5c8                png_colorspace_set_endpoints
                0x0000000000120650                png_colorspace_set_chromaticities
                0x0000000000121124                png_gamma_significant
                0x0000000000121144                png_reciprocal2
                0x0000000000121200                png_gamma_8bit_correct
                0x0000000000121288                png_gamma_16bit_correct
                0x000000000012131c                png_gamma_correct
                0x000000000012142c                png_destroy_gamma_table
                0x0000000000121560                png_build_gamma_table
                0x0000000000121e9c                png_set_option
                0x0000000000121efc                png_image_free
                0x0000000000121f38                png_image_error
 .text          0x0000000000121fa0     0x1a6c /opt/devkitpro/portlibs/armv6k/lib/libpng.a(pngerror.o)
                0x000000000012220c                png_safecat
                0x0000000000122280                png_format_number
                0x00000000001223ec                png_warning
                0x0000000000122534                png_warning_parameter
                0x00000000001225b0                png_warning_parameter_unsigned
                0x0000000000122644                png_warning_parameter_signed
                0x0000000000122710                png_formatted_warning
                0x00000000001229e8                png_chunk_warning
                0x0000000000122b94                png_free_jmpbuf
                0x0000000000122c24                png_longjmp
                0x0000000000122c50                png_error
                0x0000000000122cb0                png_app_warning
                0x0000000000122e08                png_app_error
                0x0000000000122f60                png_chunk_error
                0x0000000000122f8c                png_chunk_benign_error
                0x0000000000123130                png_benign_error
                0x0000000000123400                png_fixed_error
                0x0000000000123480                png_set_longjmp_fn
                0x0000000000123564                png_chunk_report
                0x000000000012383c                png_set_error_fn
                0x0000000000123850                png_get_error_ptr
                0x000000000012385c                png_safe_error
                0x0000000000123900                png_safe_warning
                0x0000000000123974                png_safe_execute
 *fill*         0x0000000000123a0c        0x4 
 .text          0x0000000000123a10     0x12d0 /opt/devkitpro/portlibs/armv6k/lib/libpng.a(pngget.o)
                0x0000000000123a10                png_get_valid
                0x0000000000123a2c                png_get_rowbytes
                0x0000000000123a44                png_get_rows
                0x0000000000123a5c                png_get_image_width
                0x0000000000123a74                png_get_image_height
                0x0000000000123a8c                png_get_bit_depth
                0x0000000000123aa4                png_get_color_type
                0x0000000000123abc                png_get_filter_type
                0x0000000000123ad4                png_get_interlace_type
                0x0000000000123aec                png_get_compression_type
                0x0000000000123b04                png_get_x_pixels_per_meter
                0x0000000000123b38                png_get_y_pixels_per_meter
                0x0000000000123b6c                png_get_pixels_per_meter
                0x0000000000123bb8                png_get_pixel_aspect_ratio
                0x0000000000123c00                png_get_pixel_aspect_ratio_fixed
                0x0000000000123c90                png_get_x_offset_microns
                0x0000000000123cc4                png_get_y_offset_microns
                0x0000000000123cf8                png_get_x_offset_pixels
                0x0000000000123d2c                png_get_y_offset_pixels
                0x0000000000123d60                png_get_pixels_per_inch
                0x0000000000123dec                png_get_x_pixels_per_inch
                0x0000000000123e68                png_get_y_pixels_per_inch
                0x0000000000123ee4                png_get_x_offset_inches_fixed
                0x0000000000123f34                png_get_y_offset_inches_fixed
                0x0000000000123f84                png_get_x_offset_inches
                0x0000000000123fd4                png_get_y_offset_inches
                0x0000000000124024                png_get_pHYs_dpi
                0x00000000001240f0                png_get_channels
                0x0000000000124108                png_get_signature
                0x0000000000124120                png_get_bKGD
                0x000000000012415c                png_get_cHRM
                0x0000000000124270                png_get_cHRM_XYZ
                0x00000000001243a0                png_get_cHRM_XYZ_fixed
                0x0000000000124478                png_get_cHRM_fixed
                0x000000000012453c                png_get_gAMA_fixed
                0x0000000000124574                png_get_gAMA
                0x00000000001245c8                png_get_sRGB
                0x0000000000124604                png_get_iCCP
                0x00000000001246a8                png_get_sPLT
                0x00000000001246d8                png_get_hIST
                0x0000000000124714                png_get_IHDR
                0x00000000001247d0                png_get_oFFs
                0x000000000012483c                png_get_pCAL
                0x000000000012490c                png_get_sCAL_fixed
                0x0000000000124994                png_get_sCAL
                0x00000000001249ec                png_get_sCAL_s
                0x0000000000124a30                png_get_pHYs
                0x0000000000124a90                png_get_PLTE
                0x0000000000124ad4                png_get_sBIT
                0x0000000000124b10                png_get_text
                0x0000000000124b58                png_get_tIME
                0x0000000000124b94                png_get_tRNS
                0x0000000000124c24                png_get_unknown_chunks
                0x0000000000124c54                png_get_rgb_to_gray_status
                0x0000000000124c60                png_get_user_chunk_ptr
                0x0000000000124c6c                png_get_compression_buffer_size
                0x0000000000124c88                png_get_user_width_max
                0x0000000000124c94                png_get_user_height_max
                0x0000000000124ca0                png_get_chunk_cache_max
                0x0000000000124cac                png_get_chunk_malloc_max
                0x0000000000124cb8                png_get_io_state
                0x0000000000124cc0                png_get_io_chunk_type
                0x0000000000124cc8                png_get_palette_max
 .text          0x0000000000124ce0      0x3ec /opt/devkitpro/portlibs/armv6k/lib/libpng.a(pngmem.o)
                0x0000000000124ce0                png_destroy_png_struct
                0x0000000000124d48                png_calloc
                0x0000000000124dc0                png_malloc_base
                0x0000000000124df0                png_malloc_array
                0x0000000000124e6c                png_realloc_array
                0x0000000000124f74                png_malloc
                0x0000000000124fd0                png_malloc_default
                0x0000000000125010                png_malloc_warn
                0x0000000000125074                png_free
                0x0000000000125098                png_free_default
                0x00000000001250ac                png_set_mem_fn
                0x00000000001250c0                png_get_mem_ptr
 .text          0x00000000001250cc     0x7704 /opt/devkitpro/portlibs/armv6k/lib/libpng.a(pngread.o)
                0x000000000012ad24                png_create_read_struct
                0x000000000012ad7c                png_create_read_struct_2
                0x000000000012add8                png_read_info
                0x000000000012ade8                png_read_update_info
                0x000000000012ae2c                png_start_read_image
                0x000000000012ae50                png_read_row
                0x000000000012b1a8                png_read_rows
                0x000000000012b59c                png_read_image
                0x000000000012b938                png_read_end
                0x000000000012bdc8                png_destroy_read_struct
                0x000000000012c04c                png_set_read_status_fn
                0x000000000012c058                png_read_png
                0x000000000012c310                png_image_begin_read_from_stdio
                0x000000000012c4c0                png_image_begin_read_from_file
                0x000000000012c588                png_image_begin_read_from_memory
                0x000000000012c624                png_image_finish_read
 .text          0x000000000012c7d0       0xac /opt/devkitpro/portlibs/armv6k/lib/libpng.a(pngrio.o)
                0x000000000012c7d0                png_default_read_data
                0x000000000012c80c                png_read_data
                0x000000000012c82c                png_set_read_fn
 *fill*         0x000000000012c87c        0x4 
 .text          0x000000000012c880     0x6020 /opt/devkitpro/portlibs/armv6k/lib/libpng.a(pngrtran.o)
                0x000000000012dbcc                png_set_crc_action
                0x000000000012dca8                png_set_background_fixed
                0x000000000012dd60                png_set_background
                0x000000000012de38                png_set_scale_16
                0x000000000012de70                png_set_strip_16
                0x000000000012dea8                png_set_strip_alpha
                0x000000000012dee0                png_set_alpha_mode_fixed
                0x000000000012e0dc                png_set_alpha_mode
                0x000000000012e38c                png_set_quantize
                0x000000000012ec34                png_set_gamma_fixed
                0x000000000012ed3c                png_set_gamma
                0x000000000012ef70                png_set_expand
                0x000000000012efac                png_set_palette_to_rgb
                0x000000000012efe8                png_set_expand_gray_1_2_4_to_8
                0x000000000012f020                png_set_tRNS_to_alpha
                0x000000000012f05c                png_set_expand_16
                0x000000000012f098                png_set_gray_to_rgb
                0x000000000012f0d0                png_set_rgb_to_gray_fixed
                0x000000000012f228                png_set_rgb_to_gray
                0x000000000012f3cc                png_set_read_user_transform_fn
                0x000000000012f3e0                png_init_read_transformations
                0x00000000001300c8                png_read_transform_info
                0x00000000001303b8                png_do_read_transformations
 .text          0x00000000001328a0     0x5208 /opt/devkitpro/portlibs/armv6k/lib/libpng.a(pngrutil.o)
                0x00000000001334cc                png_get_uint_31
                0x0000000000133508                png_get_uint_32
                0x000000000013352c                png_get_int_32
                0x0000000000133550                png_get_uint_16
                0x0000000000133564                png_read_sig
                0x0000000000133610                png_read_chunk_header
                0x0000000000133780                png_crc_read
                0x00000000001337b0                png_crc_finish
                0x0000000000133930                png_crc_error
                0x00000000001339d0                png_handle_IHDR
                0x0000000000133b48                png_handle_PLTE
                0x0000000000133d68                png_handle_IEND
                0x0000000000133dbc                png_handle_gAMA
                0x0000000000133ea0                png_handle_sBIT
                0x00000000001340b4                png_handle_cHRM
                0x0000000000134374                png_handle_sRGB
                0x000000000013447c                png_handle_iCCP
                0x0000000000134a60                png_handle_sPLT
                0x0000000000134d80                png_handle_tRNS
                0x0000000000134fbc                png_handle_bKGD
                0x00000000001351ec                png_handle_hIST
                0x0000000000135324                png_handle_pHYs
                0x0000000000135460                png_handle_oFFs
                0x00000000001355b0                png_handle_pCAL
                0x0000000000135920                png_handle_sCAL
                0x0000000000135ba8                png_handle_tIME
                0x0000000000135cbc                png_handle_tEXt
                0x0000000000135e7c                png_handle_zTXt
                0x00000000001360d0                png_handle_iTXt
                0x0000000000136438                png_handle_unknown
                0x0000000000136758                png_check_chunk_name
                0x0000000000136820                png_combine_row
                0x0000000000136d10                png_do_read_interlace
                0x000000000013719c                png_read_filter_row
                0x0000000000137224                png_read_IDAT_data
                0x00000000001375a0                png_read_finish_IDAT
                0x0000000000137618                png_read_finish_row
                0x0000000000137768                png_read_start_row
 .text          0x0000000000137aa8     0x1e70 /opt/devkitpro/portlibs/armv6k/lib/libpng.a(pngset.o)
                0x0000000000137e08                png_set_bKGD
                0x0000000000137e54                png_set_cHRM_fixed
                0x0000000000137ee4                png_set_cHRM_XYZ_fixed
                0x0000000000137f7c                png_set_cHRM
                0x00000000001380d0                png_set_cHRM_XYZ
                0x000000000013822c                png_set_gAMA_fixed
                0x000000000013825c                png_set_gAMA
                0x00000000001382a0                png_set_hIST
                0x000000000013834c                png_set_IHDR
                0x0000000000138428                png_set_oFFs
                0x0000000000138454                png_set_pCAL
                0x00000000001386d4                png_set_sCAL_s
                0x0000000000138838                png_set_sCAL
                0x0000000000138a04                png_set_sCAL_fixed
                0x0000000000138bb4                png_set_pHYs
                0x0000000000138be0                png_set_PLTE
                0x0000000000138ce4                png_set_sBIT
                0x0000000000138d28                png_set_sRGB
                0x0000000000138d58                png_set_sRGB_gAMA_and_cHRM
                0x0000000000138d98                png_set_iCCP
                0x0000000000138eec                png_set_text
                0x0000000000138f30                png_set_text_2
                0x0000000000138f68                png_set_tIME
                0x0000000000139008                png_set_tRNS
                0x0000000000139148                png_set_sPLT
                0x00000000001392b8                png_set_unknown_chunks
                0x0000000000139448                png_set_unknown_chunk_location
                0x00000000001394f4                png_permit_mng_features
                0x0000000000139508                png_set_keep_unknown_chunks
                0x00000000001397bc                png_set_read_user_chunk_fn
                0x00000000001397cc                png_set_rows
                0x0000000000139828                png_set_compression_buffer_size
                0x00000000001398ac                png_set_invalid
                0x00000000001398c4                png_set_user_limits
                0x00000000001398d4                png_set_chunk_cache_max
                0x00000000001398e0                png_set_chunk_malloc_max
                0x00000000001398ec                png_set_benign_errors
                0x0000000000139904                png_set_check_for_invalid_index
 .text          0x0000000000139918      0xa8c /opt/devkitpro/portlibs/armv6k/lib/libpng.a(pngtrans.o)
                0x0000000000139918                png_set_bgr
                0x000000000013992c                png_set_swap
                0x000000000013994c                png_set_packing
                0x0000000000139974                png_set_packswap
                0x0000000000139994                png_set_shift
                0x00000000001399bc                png_set_interlace_handling
                0x00000000001399ec                png_set_filler
                0x0000000000139a74                png_set_add_alpha
                0x0000000000139b1c                png_set_swap_alpha
                0x0000000000139b30                png_set_invert_alpha
                0x0000000000139b44                png_set_invert_mono
                0x0000000000139b58                png_do_invert
                0x0000000000139d48                png_do_swap
                0x0000000000139d94                png_do_packswap
                0x0000000000139e00                png_do_strip_channel
                0x000000000013a02c                png_do_bgr
                0x000000000013a168                png_do_check_palette_indexes
                0x000000000013a334                png_set_user_transform_info
                0x000000000013a378                png_get_user_transform_ptr
                0x000000000013a384                png_get_current_row_number
                0x000000000013a394                png_get_current_pass_number
 *fill*         0x000000000013a3a4        0x4 
 .text          0x000000000013a3a8     0x3f70 /opt/devkitpro/portlibs/armv6k/lib/libpng.a(pngwrite.o)
                0x000000000013abe4                png_write_info_before_PLTE
                0x000000000013b218                png_write_info
                0x000000000013b228                png_write_end
                0x000000000013b474                png_convert_from_struct_tm
                0x000000000013b4b4                png_convert_from_time_t
                0x000000000013b514                png_create_write_struct
                0x000000000013b5a0                png_create_write_struct_2
                0x000000000013b630                png_write_rows
                0x000000000013ba00                png_write_image
                0x000000000013bde0                png_write_row
                0x000000000013c888                png_set_flush
                0x000000000013c898                png_write_flush
                0x000000000013c8dc                png_destroy_write_struct
                0x000000000013ca2c                png_set_filter
                0x000000000013d4ac                png_set_filter_heuristics
                0x000000000013d6f8                png_set_filter_heuristics_fixed
                0x000000000013d940                png_set_compression_level
                0x000000000013d94c                png_set_compression_mem_level
                0x000000000013d958                png_set_compression_strategy
                0x000000000013d970                png_set_compression_window_bits
                0x000000000013d9c4                png_set_compression_method
                0x000000000013d9f4                png_set_text_compression_level
                0x000000000013da00                png_set_text_compression_mem_level
                0x000000000013da0c                png_set_text_compression_strategy
                0x000000000013da18                png_set_text_compression_window_bits
                0x000000000013da6c                png_set_text_compression_method
                0x000000000013da9c                png_set_write_status_fn
                0x000000000013daa8                png_set_write_user_transform_fn
                0x000000000013dac0                png_write_png
                0x000000000013dff0                png_image_write_to_stdio
                0x000000000013e1d4                png_image_write_to_file
 .text          0x000000000013e318      0x778 /opt/devkitpro/portlibs/armv6k/lib/libpng.a(pngwtran.o)
                0x000000000013e318                png_do_write_transformations
 .text          0x000000000013ea90     0x4ab0 /opt/devkitpro/portlibs/armv6k/lib/libpng.a(pngwutil.o)
                0x000000000013f304                png_save_uint_32
                0x000000000013f324                png_save_uint_16
                0x000000000013f334                png_write_sig
                0x000000000013f390                png_write_chunk_start
                0x000000000013f43c                png_write_chunk_data
                0x000000000013f478                png_write_chunk_end
                0x000000000013f4c4                png_write_chunk
                0x000000000013f5f0                png_free_buffer_list
                0x000000000013f628                png_write_IHDR
                0x000000000013f9c0                png_write_PLTE
                0x000000000013fb58                png_compress_IDAT
                0x000000000013ff94                png_write_IEND
                0x000000000014005c                png_write_gAMA_fixed
                0x000000000014015c                png_write_sRGB
                0x0000000000140264                png_write_iCCP
                0x00000000001404cc                png_write_sPLT
                0x000000000014071c                png_write_sBIT
                0x0000000000140824                png_write_cHRM_fixed
                0x0000000000140978                png_write_tRNS
                0x0000000000140b50                png_write_bKGD
                0x0000000000140d50                png_write_hIST
                0x0000000000140e8c                png_write_tEXt
                0x000000000014103c                png_write_zTXt
                0x0000000000141284                png_write_iTXt
                0x000000000014164c                png_write_oFFs
                0x0000000000141774                png_write_pCAL
                0x0000000000141a84                png_write_sCAL_s
                0x0000000000141b28                png_write_pHYs
                0x0000000000141c74                png_write_tIME
                0x0000000000141d10                png_write_start_row
                0x0000000000141e84                png_write_finish_row
                0x0000000000141fc4                png_do_write_interlace
                0x0000000000142234                png_write_find_filter
 .text          0x0000000000143540       0xd8 /opt/devkitpro/portlibs/armv6k/lib/libpng.a(pngwio.o)
                0x0000000000143540                png_default_write_data
                0x000000000014357c                png_default_flush
                0x000000000014358c                png_write_data
                0x00000000001435ac                png_flush
                0x00000000001435bc                png_set_write_fn
 .text          0x0000000000143618      0x5c0 /opt/devkitpro/portlibs/armv6k/lib/libz.a(adler32.o)
                0x0000000000143618                adler32
                0x0000000000143a60                adler32_combine
                0x0000000000143b1c                adler32_combine64
 .text          0x0000000000143bd8      0x5d8 /opt/devkitpro/portlibs/armv6k/lib/libz.a(crc32.o)
                0x0000000000143dec                get_crc_table
                0x0000000000143df8                crc32
                0x00000000001441a8                crc32_combine
                0x00000000001441ac                crc32_combine64
 .text          0x00000000001441b0     0x40e0 /opt/devkitpro/portlibs/armv6k/lib/libz.a(deflate.o)
                0x000000000014582c                deflateSetDictionary
                0x0000000000145a44                deflateResetKeep
                0x0000000000145b1c                deflateReset
                0x0000000000145c84                deflateSetHeader
                0x0000000000145cb8                deflatePending
                0x0000000000145d04                deflatePrime
                0x0000000000145dac                deflateTune
                0x0000000000145de4                deflateBound
                0x0000000000145ef8                deflate
                0x0000000000147748                deflateParams
                0x0000000000147864                deflateEnd
                0x0000000000147984                deflateInit2_
                0x0000000000147d4c                deflateInit_
                0x000000000014808c                deflateCopy
 .text          0x0000000000148290     0x2c58 /opt/devkitpro/portlibs/armv6k/lib/libz.a(inflate.o)
                0x0000000000148290                inflateResetKeep
                0x0000000000148320                inflateReset
                0x00000000001483bc                inflateReset2
                0x00000000001484dc                inflateInit2_
                0x0000000000148664                inflateInit_
                0x00000000001487c8                inflatePrime
                0x0000000000148840                inflate
                0x000000000014a6dc                inflateEnd
                0x000000000014a740                inflateGetDictionary
                0x000000000014a7d8                inflateSetDictionary
                0x000000000014a980                inflateGetHeader
                0x000000000014a9bc                inflateSync
                0x000000000014ac74                inflateSyncPoint
                0x000000000014acb4                inflateCopy
                0x000000000014ae60                inflateUndermine
                0x000000000014ae90                inflateMark
 .text          0x000000000014aee8      0xbf4 /opt/devkitpro/portlibs/armv6k/lib/libz.a(inftrees.o)
                0x000000000014aee8                inflate_table
 .text          0x000000000014badc     0x257c /opt/devkitpro/portlibs/armv6k/lib/libz.a(trees.o)
                0x000000000014d00c                _tr_init
                0x000000000014d0d8                _tr_stored_block
                0x000000000014d26c                _tr_flush_bits
                0x000000000014d308                _tr_align
                0x000000000014d48c                _tr_flush_block
                0x000000000014dfa0                _tr_tally
 .text          0x000000000014e058       0x38 /opt/devkitpro/portlibs/armv6k/lib/libz.a(zutil.o)
                0x000000000014e058                zlibVersion
                0x000000000014e064                zlibCompileFlags
                0x000000000014e06c                zError
                0x000000000014e080                zcalloc
                0x000000000014e088                zcfree
 .text          0x000000000014e090      0xbe4 /opt/devkitpro/portlibs/armv6k/lib/libz.a(inffast.o)
                0x000000000014e090                inflate_fast
 .text          0x000000000014ec74     0x13dc /opt/devkitpro/libctru/lib/libsf2d.a(sf2d_texture.o)
                0x000000000014ed98                sf2d_create_texture
                0x000000000014eecc                sf2d_free_texture
                0x000000000014ef1c                sf2d_fill_texture_from_RGBA8
                0x000000000014efd4                sf2d_create_texture_mem_RGBA8
                0x000000000014f018                sf2d_bind_texture
                0x000000000014f090                sf2d_bind_texture_color
                0x000000000014f110                sf2d_bind_texture_parameters
                0x000000000014f188                sf2d_draw_texture
                0x000000000014f2cc                sf2d_draw_texture_rotate
                0x000000000014f4ac                sf2d_draw_texture_part
                0x000000000014f62c                sf2d_draw_texture_scale
                0x000000000014f798                sf2d_draw_texture_rotate_cut_scale
                0x000000000014f9c4                sf2d_draw_texture_blend
                0x000000000014fb10                sf2d_draw_texture_part_blend
                0x000000000014fc94                sf2d_draw_texture_depth
                0x000000000014fdf4                sf2d_draw_quad_uv
                0x000000000014ff1c                sf2d_set_pixel
                0x000000000014ffb0                sf2d_get_pixel
                0x0000000000150040                sf2d_texture_tile32
 .text          0x0000000000150050      0x75c /opt/devkitpro/libctru/lib/libsf2d.a(sf2d.o)
                0x0000000000150268                sf2d_init
                0x0000000000150290                sf2d_init_advanced
                0x00000000001502b0                sf2d_fini
                0x0000000000150314                sf2d_set_3D
                0x0000000000150320                sf2d_start_frame
                0x00000000001504b0                sf2d_end_frame
                0x00000000001505c8                sf2d_swapbuffers
                0x0000000000150678                sf2d_set_vblank_wait
                0x0000000000150688                sf2d_get_fps
                0x0000000000150698                sf2d_pool_malloc
                0x00000000001506c4                sf2d_pool_memalign
                0x0000000000150704                sf2d_pool_space_free
                0x000000000015071c                sf2d_pool_reset
                0x0000000000150730                sf2d_set_clear_color
                0x0000000000150740                sf2d_set_scissor_test
                0x000000000015078c                sf2d_get_current_screen
                0x000000000015079c                sf2d_get_current_side
 .text          0x00000000001507ac      0x7bc /opt/devkitpro/libctru/lib/libsf2d.a(sf2d_draw.o)
                0x00000000001507ac                sf2d_draw_line
                0x0000000000150980                sf2d_draw_rectangle
                0x0000000000150b34                sf2d_draw_rectangle_rotate
                0x0000000000150d84                sf2d_draw_fill_circle
 .text          0x0000000000150f68      0x4f8 /opt/devkitpro/libctru/lib/libsf2d.a(sf2d_private.o)
                0x0000000000150f68                GPU_SetDummyTexEnv
                0x0000000000150f9c                vector_mult_matrix4x4
                0x0000000000151020                matrix_gpu_set_uniform
                0x0000000000151070                matrix_copy
                0x00000000001510ac                matrix_identity4x4
                0x00000000001510f8                matrix_mult4x4
                0x000000000015116c                matrix_set_z_rotation
                0x00000000001511e0                matrix_rotate_z
                0x0000000000151240                matrix_set_scaling
                0x000000000015128c                matrix_swap_xy
                0x000000000015132c                matrix_init_orthographic
                0x0000000000151440                next_pow2
 .text          0x0000000000151460        0x0 /opt/devkitpro/libctru/lib/libsf2d.a(shader.vsh.o)
 .text          0x0000000000151460      0x1c4 /opt/devkitpro/libctru/lib/libctru.a(vram.o)
                0x0000000000151488                vramMemAlign
                0x00000000001515b8                vramAlloc
                0x00000000001515c0                vramRealloc
                0x00000000001515c8                vramFree
                0x0000000000151618                vramSpaceFree
 .text          0x0000000000151624      0x1d4 /opt/devkitpro/libctru/lib/libctru.a(linear.o)
                0x000000000015164c                linearMemAlign
                0x000000000015178c                linearAlloc
                0x0000000000151794                linearRealloc
                0x000000000015179c                linearFree
                0x00000000001517ec                linearSpaceFree
 .text          0x00000000001517f8      0x35c /opt/devkitpro/libctru/lib/libctru.a(mem_pool.o)
                0x00000000001517f8                MemPool::CoalesceRight(MemBlock*)
                0x0000000000151898                MemPool::Allocate(MemChunk&, unsigned long, int)
                0x0000000000151a20                MemPool::Deallocate(MemChunk const&)
                0x0000000000151b24                MemPool::GetFreeSpace()
 *fill*         0x0000000000151b54        0x4 
 .text          0x0000000000151b58      0x288 /opt/devkitpro/libctru/lib/libctru.a(os.o)
                0x0000000000151bb0                osConvertVirtToPhys
                0x0000000000151bfc                osConvertOldLINEARMemToNew
                0x0000000000151c1c                __libctru_gtod
                0x0000000000151d14                osGetTime
                0x0000000000151d88                osGetFirmVersion
                0x0000000000151d9c                osGetKernelVersion
                0x0000000000151db0                osStrError
                0x0000000000151dd0                osGetWifiStrength
 .text          0x0000000000151de0     0x1074 /opt/devkitpro/libctru/lib/libctru.a(console.o)
                0x0000000000151de0                debug_write
                0x0000000000151dfc                consoleGetDefault
                0x0000000000151e08                consoleDebugInit
                0x0000000000151e8c                consoleSelect
                0x0000000000151ea4                consoleSetFont
                0x0000000000151ec0                consoleDrawChar
                0x000000000015206c                consolePrintChar
                0x0000000000152318                consoleInit
                0x000000000015260c                con_write
                0x0000000000152e10                consoleClear
                0x0000000000152e1c                consoleSetWindow
 .text          0x0000000000152e54      0x72c /opt/devkitpro/libctru/lib/libctru.a(gfx.o)
                0x0000000000152ee0                gfxSet3D
                0x0000000000152ef0                gfxSetScreenFormat
                0x0000000000152f08                gfxGetScreenFormat
                0x0000000000152f20                gfxSetDoubleBuffering
                0x0000000000152f34                gfxSetFramebufferInfo
                0x0000000000152fa4                gfxWriteFramebufferInfo
                0x0000000000153068                gfxInit
                0x0000000000153248                gfxInitDefault
                0x0000000000153258                gfxExit
                0x0000000000153324                gfxGetFramebuffer
                0x00000000001533d4                gfxFlushBuffers
                0x00000000001534b0                gfxSwapBuffers
                0x0000000000153524                gfxSwapBuffersGpu
 .text          0x0000000000153580      0x7f4 /opt/devkitpro/libctru/lib/libctru.a(shaderProgram.o)
                0x0000000000153580                shaderInstanceInit
                0x0000000000153788                shaderInstanceFree
                0x00000000001537c0                shaderInstanceSetBool
                0x0000000000153800                shaderInstanceGetBool
                0x000000000015384c                shaderInstanceGetUniformLocation
                0x000000000015386c                shaderProgramInit
                0x0000000000153884                shaderProgramFree
                0x00000000001538b4                shaderProgramSetVsh
                0x0000000000153920                shaderProgramSetGsh
                0x0000000000153994                shaderProgramUse
 .text          0x0000000000153d74      0x348 /opt/devkitpro/libctru/lib/libctru.a(shbin.o)
                0x0000000000153d74                DVLB_Free
                0x0000000000153db0                DVLE_GetUniformRegister
                0x0000000000153e2c                DVLE_GenerateOutmap
                0x0000000000153f24                DVLB_ParseFile
 *fill*         0x00000000001540bc        0x4 
 .text          0x00000000001540c0     0x1aa0 /opt/devkitpro/libctru/lib/libctru.a(gpu.o)
                0x00000000001540e8                GPU_Init
                0x0000000000154114                GPUCMD_SetBuffer
                0x0000000000154140                GPUCMD_SetBufferOffset
                0x0000000000154150                GPUCMD_GetBuffer
                0x0000000000154190                GPUCMD_AddRawCommands
                0x00000000001541dc                GPUCMD_Run
                0x000000000015423c                GPUCMD_FlushAndRun
                0x00000000001542b0                GPUCMD_Add
                0x0000000000154394                GPUCMD_Finalize
                0x000000000015442c                GPU_Reset
                0x0000000000154c0c                GPU_SetFloatUniform
                0x0000000000154c84                f32tof24
                0x0000000000154c9c                computeInvValue
                0x0000000000154d44                GPU_SetViewport
                0x0000000000154f60                GPU_SetScissorTest
                0x0000000000154fac                GPU_DepthMap
                0x0000000000155044                GPU_SetAlphaTest
                0x000000000015507c                GPU_SetStencilTest
                0x00000000001550c4                GPU_SetStencilOp
                0x00000000001550f8                GPU_SetDepthTestAndWriteMask
                0x0000000000155130                GPU_SetAlphaBlending
                0x0000000000155198                GPU_SetColorLogicOp
                0x00000000001551dc                GPU_SetBlendingColor
                0x0000000000155218                GPU_SetTextureEnable
                0x0000000000155264                GPU_SetTexture
                0x00000000001553fc                GPU_SetTextureBorderColor
                0x0000000000155490                GPU_SetAttributeBuffers
                0x000000000015568c                GPU_SetAttributeBuffersAddress
                0x00000000001556b8                GPU_SetFaceCulling
                0x00000000001556e4                GPU_SetTexEnv
                0x000000000015575c                GPU_DrawArray
                0x0000000000155870                GPU_DrawElements
                0x000000000015598c                GPU_FinishDrawing
                0x00000000001559e8                GPU_SetShaderOutmap
                0x0000000000155a30                GPU_SendShaderCode
                0x0000000000155ae8                GPU_SendOperandDescriptors
 .text          0x0000000000155b60        0x0 /opt/devkitpro/libctru/lib/libctru.a(gpuResetSequence.o)
 .text          0x0000000000155b60      0x8c8 /opt/devkitpro/libctru/lib/libctru.a(gsp.o)
                0x0000000000155c6c                gspInit
                0x0000000000155c80                gspExit
                0x0000000000155c98                gspInitEventHandler
                0x0000000000155d64                gspExitEventHandler
                0x0000000000155dbc                gspWaitForEvent
                0x0000000000155e14                GSPGPU_WriteHWRegs
                0x0000000000155e84                GSPGPU_WriteHWRegsWithMask
                0x0000000000155f10                GSPGPU_ReadHWRegs
                0x0000000000155f80                GSPGPU_SetBufferSwap
                0x0000000000155ff4                GSPGPU_FlushDataCache
                0x0000000000156048                GSPGPU_InvalidateDataCache
                0x000000000015609c                GSPGPU_SetLcdForceBlack
                0x00000000001560d8                GSPGPU_TriggerCmdReqQueue
                0x000000000015610c                GSPGPU_RegisterInterruptRelayQueue
                0x0000000000156178                GSPGPU_UnregisterInterruptRelayQueue
                0x00000000001561ac                GSPGPU_AcquireRight
                0x00000000001561fc                GSPGPU_ReleaseRight
                0x0000000000156230                GSPGPU_ImportDisplayCaptureInfo
                0x00000000001562b4                GSPGPU_SaveVramSysArea
                0x00000000001562e8                GSPGPU_RestoreVramSysArea
                0x000000000015631c                GSPGPU_SubmitGxCommand
 .text          0x0000000000156428      0x6f4 /opt/devkitpro/libctru/lib/libctru.a(hid.o)
                0x0000000000156428                hidExit
                0x00000000001564cc                hidWaitForEvent
                0x0000000000156524                hidCheckSectionUpdateTime
                0x0000000000156560                hidScanInput
                0x0000000000156794                hidKeysHeld
                0x00000000001567a4                hidKeysDown
                0x00000000001567b4                hidKeysUp
                0x00000000001567c4                hidTouchRead
                0x00000000001567dc                hidCircleRead
                0x00000000001567f4                hidAccelRead
                0x0000000000156814                hidGyroRead
                0x0000000000156834                HIDUSER_GetHandles
                0x00000000001568c4                hidInit
                0x00000000001569f8                HIDUSER_EnableAccelerometer
                0x0000000000156a24                HIDUSER_DisableAccelerometer
                0x0000000000156a50                HIDUSER_EnableGyroscope
                0x0000000000156a7c                HIDUSER_DisableGyroscope
                0x0000000000156aa8                HIDUSER_GetGyroscopeRawToDpsCoefficient
                0x0000000000156ae4                HIDUSER_GetSoundVolume
 .text          0x0000000000156b1c      0x164 /opt/devkitpro/libctru/lib/libctru.a(ptm.o)
                0x0000000000156b1c                ptmInit
                0x0000000000156b30                ptmExit
                0x0000000000156b40                PTMU_GetShellState
                0x0000000000156b80                PTMU_GetBatteryLevel
                0x0000000000156bc0                PTMU_GetBatteryChargeState
                0x0000000000156c00                PTMU_GetPedometerState
                0x0000000000156c40                PTMU_GetTotalStepCount
 .text          0x0000000000156c80     0x1cf8 /opt/devkitpro/libctru/lib/libctru.a(apt.o)
                0x0000000000156ce4                _aptDebug
                0x0000000000156ce8                aptInitCaptureInfo
                0x0000000000156d98                aptWaitStatusEvent
                0x0000000000156dc0                aptHook
                0x0000000000156df8                aptUnhook
                0x0000000000156e24                aptGetStatus
                0x0000000000156e5c                aptSetStatus
                0x0000000000156ec0                aptGetStatusPower
                0x0000000000156ef8                aptSetStatusPower
                0x0000000000156f30                aptOpenSession
                0x0000000000156f54                aptCloseSession
                0x0000000000156f7c                aptSignalReadyForSleep
                0x0000000000156f8c                APT_GetLockHandle
                0x0000000000156fdc                APT_Initialize
                0x0000000000157044                APT_Finalize
                0x0000000000157080                APT_HardwareResetAsync
                0x00000000001570b4                APT_Enable
                0x00000000001570f0                APT_GetAppletManInfo
                0x0000000000157170                aptGetMenuAppID
                0x00000000001571ac                APT_IsRegistered
                0x00000000001571fc                APT_InquireNotification
                0x000000000015724c                APT_PrepareToJumpToHomeMenu
                0x0000000000157280                APT_JumpToHomeMenu
                0x00000000001572d0                APT_PrepareToJumpToApplication
                0x000000000015730c                APT_JumpToApplication
                0x000000000015735c                APT_NotifyToWait
                0x0000000000157398                APT_AppletUtility
                0x0000000000157420                aptAppletUtility_Exit_RetToApp
                0x0000000000157540                aptAppletClosed
                0x000000000015767c                aptInit
                0x0000000000157834                APT_GlanceParameter
                0x00000000001578a8                APT_ReceiveParameter
                0x000000000015791c                APT_SendParameter
                0x000000000015798c                APT_SendCaptureBufferInfo
                0x00000000001579d8                aptReturnToMenu
                0x0000000000157bac                APT_ReplySleepQuery
                0x0000000000157bec                APT_ReplySleepNotificationComplete
                0x0000000000157c28                aptEventHandler
                0x0000000000157f34                APT_PrepareToCloseApplication
                0x0000000000157f70                APT_CloseApplication
                0x0000000000157fc8                aptExit
                0x00000000001581b4                APT_SetAppCpuTimeLimit
                0x00000000001581f8                APT_GetAppCpuTimeLimit
                0x000000000015824c                APT_CheckNew3DS_Application
                0x00000000001582a8                APT_CheckNew3DS_System
                0x0000000000158304                APT_CheckNew3DS
                0x0000000000158378                APT_PrepareToDoAppJump
                0x00000000001583c4                APT_DoAppJump
                0x000000000015842c                APT_PrepareToStartLibraryApplet
                0x0000000000158468                APT_StartLibraryApplet
                0x00000000001584c8                aptAppletStarted
                0x00000000001585cc                aptMainLoop
                0x0000000000158744                APT_LaunchLibraryApplet
                0x00000000001588dc                APT_PrepareToStartSystemApplet
                0x0000000000158918                APT_StartSystemApplet
 .text          0x0000000000158978      0x264 /opt/devkitpro/libctru/lib/libctru.a(gx.o)
                0x0000000000158978                GX_RequestDma
                0x00000000001589cc                GX_SetCommandList_Last
                0x0000000000158a34                GX_SetMemoryFill
                0x0000000000158aa8                GX_SetDisplayTransfer
                0x0000000000158b0c                GX_SetTextureCopy
                0x0000000000158b74                GX_SetCommandList_First
 .text          0x0000000000158bdc       0x14 /opt/devkitpro/libctru/lib/libctru.a(rbtree_init.o)
                0x0000000000158bdc                rbtree_init
 .text          0x0000000000158bf0      0x1f4 /opt/devkitpro/libctru/lib/libctru.a(rbtree_insert.o)
                0x0000000000158dd4                rbtree_insert
                0x0000000000158ddc                rbtree_insert_multi
 .text          0x0000000000158de4       0xac /opt/devkitpro/libctru/lib/libctru.a(rbtree_rotate.o)
                0x0000000000158de4                rbtree_rotate
 .text          0x0000000000158e90      0x340 /opt/devkitpro/libctru/lib/libctru.a(rbtree_remove.o)
                0x0000000000158e90                rbtree_remove
 .text          0x00000000001591d0       0x70 /opt/devkitpro/libctru/lib/libctru.a(rbtree_find.o)
                0x00000000001591d0                rbtree_find
 .text          0x0000000000159240       0x4c /opt/devkitpro/libctru/lib/libctru.a(initSystem.o)
                0x0000000000159240                __libctru_init
 .text          0x000000000015928c       0xa4 /opt/devkitpro/libctru/lib/libctru.a(allocateHeaps.o)
                0x000000000015928c                __system_allocateHeaps
 .text          0x0000000000159330       0xf4 /opt/devkitpro/libctru/lib/libctru.a(initArgv.o)
                0x0000000000159330                __system_initArgv
 *fill*         0x0000000000159424        0xc 
 .text          0x0000000000159430      0x3d0 /opt/devkitpro/libctru/lib/libctru.a(svc.o)
                0x0000000000159430                svcControlMemory
                0x0000000000159450                svcQueryMemory
                0x0000000000159480                svcExitProcess
                0x0000000000159488                svcCreateThread
                0x00000000001594a8                svcExitThread
                0x00000000001594b0                svcSleepThread
                0x00000000001594b8                svcGetThreadPriority
                0x00000000001594cc                svcSetThreadPriority
                0x00000000001594d4                svcGetThreadAffinityMask
                0x00000000001594dc                svcSetThreadAffinityMask
                0x00000000001594e4                svcGetThreadIdealProcessor
                0x00000000001594f8                svcSetThreadIdealProcessor
                0x0000000000159500                svcGetProcessorID
                0x0000000000159508                svcCreateMutex
                0x000000000015951c                svcReleaseMutex
                0x0000000000159524                svcCreateSemaphore
                0x0000000000159538                svcReleaseSemaphore
                0x000000000015954c                svcCreateEvent
                0x0000000000159560                svcSignalEvent
                0x0000000000159568                svcClearEvent
                0x0000000000159570                svcCreateTimer
                0x0000000000159584                svcSetTimer
                0x000000000015958c                svcCancelTimer
                0x0000000000159594                svcClearTimer
                0x000000000015959c                svcCreateMemoryBlock
                0x00000000001595b4                svcMapMemoryBlock
                0x00000000001595bc                svcUnmapMemoryBlock
                0x00000000001595c4                svcCreateAddressArbiter
                0x00000000001595d8                svcArbitrateAddress
                0x00000000001595f8                svcCloseHandle
                0x0000000000159600                svcWaitSynchronization
                0x0000000000159608                svcWaitSynchronizationN
                0x0000000000159630                svcDuplicateHandle
                0x0000000000159644                svcGetSystemTick
                0x000000000015964c                svcGetSystemInfo
                0x0000000000159664                svcGetProcessInfo
                0x000000000015967c                svcGetThreadInfo
                0x0000000000159694                svcConnectToPort
                0x00000000001596a8                svcSendSyncRequest
                0x00000000001596b0                svcOpenProcess
                0x00000000001596c4                svcOpenThread
                0x00000000001596d8                svcGetProcessId
                0x00000000001596ec                svcGetProcessIdOfThread
                0x0000000000159700                svcGetThreadId
                0x0000000000159714                svcOutputDebugString
                0x000000000015971c                svcCreatePort
                0x000000000015973c                svcDebugActiveProcess
                0x0000000000159750                svcBreakDebugProcess
                0x0000000000159758                svcTerminateDebugProcess
                0x0000000000159760                svcGetProcessDebugEvent
                0x0000000000159768                svcContinueDebugEvent
                0x0000000000159770                svcGetProcessList
                0x0000000000159790                svcReadProcessMemory
                0x0000000000159798                svcWriteProcessMemory
                0x00000000001597a0                svcControlProcessMemory
                0x00000000001597b8                svcMapProcessMemory
                0x00000000001597c0                svcUnmapProcessMemory
                0x00000000001597c8                svcBackdoor
                0x00000000001597d0                svcQueryProcessMemory
 .text          0x0000000000159800       0x64 /opt/devkitpro/libctru/lib/libctru.a(stack_adjust.o)
                0x0000000000159800                initSystem
                0x0000000000159844                __ctru_exit
 .text          0x0000000000159864        0x0 /opt/devkitpro/libctru/lib/libctru.a(default_font.bin.o)
 .text          0x0000000000159864      0x3b8 /opt/devkitpro/libctru/lib/libctru.a(srv.o)
                0x0000000000159864                __get_handle_from_list
                0x00000000001598fc                __destroy_handle_list
                0x0000000000159950                srvExit
                0x0000000000159978                srvGetSessionHandle
                0x0000000000159984                srvRegisterClient
                0x00000000001599bc                srvInit
                0x0000000000159a24                srvGetServiceHandle
                0x0000000000159aa4                srvRegisterService
                0x0000000000159b00                srvUnregisterService
                0x0000000000159b4c                srvPmInit
                0x0000000000159ba0                srvRegisterProcess
                0x0000000000159be8                srvUnregisterProcess
 .text          0x0000000000159c1c      0x388 /opt/devkitpro/libctru/lib/libctru.a(irrst.o)
                0x0000000000159c1c                irrstWaitForEvent
                0x0000000000159c68                irrstCheckSectionUpdateTime
                0x0000000000159ca4                irrstScanInput
                0x0000000000159d58                irrstKeysHeld
                0x0000000000159d70                irrstCstickRead
                0x0000000000159d88                IRRST_GetHandles
                0x0000000000159dd8                IRRST_Initialize
                0x0000000000159e10                irrstInit
                0x0000000000159ef4                IRRST_Shutdown
                0x0000000000159f20                irrstExit
 .text          0x0000000000159fa4      0x118 /opt/devkitpro/libctru/lib/libctru.a(rbtree_iterator.o)
                0x0000000000159fa4                rbtree_node_next
                0x000000000015a030                rbtree_node_prev
 .text          0x000000000015a0bc       0x20 /opt/devkitpro/libctru/lib/libctru.a(appInit.o)
                0x000000000015a0bc                __appInit
 .text          0x000000000015a0dc       0x1c /opt/devkitpro/libctru/lib/libctru.a(appExit.o)
                0x000000000015a0dc                __appExit
 .text          0x000000000015a0f8       0x90 /opt/devkitpro/libctru/lib/libctru.a(ctru_exit.o)
                0x000000000015a0f8                __libctru_exit
 .text          0x000000000015a188      0xffc /opt/devkitpro/libctru/lib/libctru.a(sdmc_dev.o)
                0x000000000015b004                sdmcInit
                0x000000000015b134                sdmcExit
 .text          0x000000000015b184      0xc88 /opt/devkitpro/libctru/lib/libctru.a(fs.o)
                0x000000000015b184                FS_makePath
                0x000000000015b1b0                fsExit
                0x000000000015b1d4                fsGetSessionHandle
                0x000000000015b1e0                FSUSER_Initialize
                0x000000000015b254                fsInit
                0x000000000015b2c0                FSUSER_OpenFile
                0x000000000015b36c                FSUSER_OpenFileDirectly
                0x000000000015b438                FSUSER_DeleteFile
                0x000000000015b4c0                FSUSER_RenameFile
                0x000000000015b584                FSUSER_DeleteDirectory
                0x000000000015b60c                FSUSER_DeleteDirectoryRecursively
                0x000000000015b694                FSUSER_CreateFile
                0x000000000015b72c                FSUSER_CreateDirectory
                0x000000000015b7b8                FSUSER_RenameDirectory
                0x000000000015b87c                FSUSER_OpenDirectory
                0x000000000015b910                FSUSER_OpenArchive
                0x000000000015b998                FSUSER_CloseArchive
                0x000000000015b9f0                FSUSER_GetSdmcArchiveResource
                0x000000000015ba6c                FSUSER_GetNandArchiveResource
                0x000000000015bae8                FSUSER_IsSdmcDetected
                0x000000000015bb34                FSUSER_IsSdmcWritable
                0x000000000015bb80                FSFILE_Close
                0x000000000015bbc4                FSFILE_Read
                0x000000000015bc20                FSFILE_Write
                0x000000000015bc84                FSFILE_GetSize
                0x000000000015bcc4                FSFILE_SetSize
                0x000000000015bcf0                FSFILE_GetAttributes
                0x000000000015bd28                FSFILE_SetAttributes
                0x000000000015bd50                FSFILE_Flush
                0x000000000015bd74                FSDIR_Read
                0x000000000015bdc8                FSDIR_Close
 .text          0x000000000015be0c       0xb8 /opt/devkitpro/libctru/lib/libctru.a(utf8_to_utf16.o)
                0x000000000015be0c                utf8_to_utf16
 .text          0x000000000015bec4      0x138 /opt/devkitpro/libctru/lib/libctru.a(decode_utf8.o)
                0x000000000015bec4                decode_utf8
 .text          0x000000000015bffc       0xe8 /opt/devkitpro/libctru/lib/libctru.a(utf16_to_utf8.o)
                0x000000000015bffc                utf16_to_utf8
 .text          0x000000000015c0e4       0x68 /opt/devkitpro/libctru/lib/libctru.a(encode_utf16.o)
                0x000000000015c0e4                encode_utf16
 .text          0x000000000015c14c      0x104 /opt/devkitpro/libctru/lib/libctru.a(encode_utf8.o)
                0x000000000015c14c                encode_utf8
 .text          0x000000000015c250       0x60 /opt/devkitpro/libctru/lib/libctru.a(decode_utf16.o)
                0x000000000015c250                decode_utf16
 .text          0x000000000015c2b0        0x0 /opt/devkitpro/devkitARM/lib/gcc/arm-none-eabi/4.9.2/../../../../arm-none-eabi/lib/armv6k/fpu/libm.a(lib_a-s_atan.o)
 .text          0x000000000015c2b0        0x0 /opt/devkitpro/devkitARM/lib/gcc/arm-none-eabi/4.9.2/../../../../arm-none-eabi/lib/armv6k/fpu/libm.a(lib_a-s_ceil.o)
 .text          0x000000000015c2b0        0x0 /opt/devkitpro/devkitARM/lib/gcc/arm-none-eabi/4.9.2/../../../../arm-none-eabi/lib/armv6k/fpu/libm.a(lib_a-s_cos.o)
 .text          0x000000000015c2b0        0x0 /opt/devkitpro/devkitARM/lib/gcc/arm-none-eabi/4.9.2/../../../../arm-none-eabi/lib/armv6k/fpu/libm.a(lib_a-s_fabs.o)
 .text          0x000000000015c2b0        0x0 /opt/devkitpro/devkitARM/lib/gcc/arm-none-eabi/4.9.2/../../../../arm-none-eabi/lib/armv6k/fpu/libm.a(lib_a-sf_cos.o)
 .text          0x000000000015c2b0        0x0 /opt/devkitpro/devkitARM/lib/gcc/arm-none-eabi/4.9.2/../../../../arm-none-eabi/lib/armv6k/fpu/libm.a(lib_a-s_floor.o)
 .text          0x000000000015c2b0        0x0 /opt/devkitpro/devkitARM/lib/gcc/arm-none-eabi/4.9.2/../../../../arm-none-eabi/lib/armv6k/fpu/libm.a(lib_a-s_frexp.o)
 .text          0x000000000015c2b0        0x0 /opt/devkitpro/devkitARM/lib/gcc/arm-none-eabi/4.9.2/../../../../arm-none-eabi/lib/armv6k/fpu/libm.a(lib_a-sf_sin.o)
 .text          0x000000000015c2b0        0x0 /opt/devkitpro/devkitARM/lib/gcc/arm-none-eabi/4.9.2/../../../../arm-none-eabi/lib/armv6k/fpu/libm.a(lib_a-s_ldexp.o)
 .text          0x000000000015c2b0        0x0 /opt/devkitpro/devkitARM/lib/gcc/arm-none-eabi/4.9.2/../../../../arm-none-eabi/lib/armv6k/fpu/libm.a(lib_a-s_modf.o)
 .text          0x000000000015c2b0        0x0 /opt/devkitpro/devkitARM/lib/gcc/arm-none-eabi/4.9.2/../../../../arm-none-eabi/lib/armv6k/fpu/libm.a(lib_a-s_scalbn.o)
 .text          0x000000000015c2b0        0x0 /opt/devkitpro/devkitARM/lib/gcc/arm-none-eabi/4.9.2/../../../../arm-none-eabi/lib/armv6k/fpu/libm.a(lib_a-s_sin.o)
 .text          0x000000000015c2b0        0x0 /opt/devkitpro/devkitARM/lib/gcc/arm-none-eabi/4.9.2/../../../../arm-none-eabi/lib/armv6k/fpu/libm.a(lib_a-s_tanh.o)
 .text          0x000000000015c2b0        0x0 /opt/devkitpro/devkitARM/lib/gcc/arm-none-eabi/4.9.2/../../../../arm-none-eabi/lib/armv6k/fpu/libm.a(lib_a-s_tan.o)
 .text          0x000000000015c2b0        0x0 /opt/devkitpro/devkitARM/lib/gcc/arm-none-eabi/4.9.2/../../../../arm-none-eabi/lib/armv6k/fpu/libm.a(lib_a-w_acos.o)
 .text          0x000000000015c2b0        0x0 /opt/devkitpro/devkitARM/lib/gcc/arm-none-eabi/4.9.2/../../../../arm-none-eabi/lib/armv6k/fpu/libm.a(lib_a-w_asin.o)
 .text          0x000000000015c2b0        0x0 /opt/devkitpro/devkitARM/lib/gcc/arm-none-eabi/4.9.2/../../../../arm-none-eabi/lib/armv6k/fpu/libm.a(lib_a-w_atan2.o)
 .text          0x000000000015c2b0        0x0 /opt/devkitpro/devkitARM/lib/gcc/arm-none-eabi/4.9.2/../../../../arm-none-eabi/lib/armv6k/fpu/libm.a(lib_a-w_cosh.o)
 .text          0x000000000015c2b0        0x0 /opt/devkitpro/devkitARM/lib/gcc/arm-none-eabi/4.9.2/../../../../arm-none-eabi/lib/armv6k/fpu/libm.a(lib_a-w_exp.o)
 .text          0x000000000015c2b0        0x0 /opt/devkitpro/devkitARM/lib/gcc/arm-none-eabi/4.9.2/../../../../arm-none-eabi/lib/armv6k/fpu/libm.a(lib_a-w_fmod.o)
 .text          0x000000000015c2b0        0x0 /opt/devkitpro/devkitARM/lib/gcc/arm-none-eabi/4.9.2/../../../../arm-none-eabi/lib/armv6k/fpu/libm.a(lib_a-w_log10.o)
 .text          0x000000000015c2b0        0x0 /opt/devkitpro/devkitARM/lib/gcc/arm-none-eabi/4.9.2/../../../../arm-none-eabi/lib/armv6k/fpu/libm.a(lib_a-w_log.o)
 .text          0x000000000015c2b0        0x0 /opt/devkitpro/devkitARM/lib/gcc/arm-none-eabi/4.9.2/../../../../arm-none-eabi/lib/armv6k/fpu/libm.a(lib_a-w_pow.o)
 .text          0x000000000015c2b0        0x0 /opt/devkitpro/devkitARM/lib/gcc/arm-none-eabi/4.9.2/../../../../arm-none-eabi/lib/armv6k/fpu/libm.a(lib_a-w_sinh.o)
 .text          0x000000000015c2b0        0x0 /opt/devkitpro/devkitARM/lib/gcc/arm-none-eabi/4.9.2/../../../../arm-none-eabi/lib/armv6k/fpu/libm.a(lib_a-e_acos.o)
 .text          0x000000000015c2b0        0x0 /opt/devkitpro/devkitARM/lib/gcc/arm-none-eabi/4.9.2/../../../../arm-none-eabi/lib/armv6k/fpu/libm.a(lib_a-e_asin.o)
 .text          0x000000000015c2b0        0x0 /opt/devkitpro/devkitARM/lib/gcc/arm-none-eabi/4.9.2/../../../../arm-none-eabi/lib/armv6k/fpu/libm.a(lib_a-e_atan2.o)
 .text          0x000000000015c2b0        0x0 /opt/devkitpro/devkitARM/lib/gcc/arm-none-eabi/4.9.2/../../../../arm-none-eabi/lib/armv6k/fpu/libm.a(lib_a-e_cosh.o)
 .text          0x000000000015c2b0        0x0 /opt/devkitpro/devkitARM/lib/gcc/arm-none-eabi/4.9.2/../../../../arm-none-eabi/lib/armv6k/fpu/libm.a(lib_a-e_exp.o)
 .text          0x000000000015c2b0        0x0 /opt/devkitpro/devkitARM/lib/gcc/arm-none-eabi/4.9.2/../../../../arm-none-eabi/lib/armv6k/fpu/libm.a(lib_a-e_fmod.o)
 .text          0x000000000015c2b0        0x0 /opt/devkitpro/devkitARM/lib/gcc/arm-none-eabi/4.9.2/../../../../arm-none-eabi/lib/armv6k/fpu/libm.a(lib_a-ef_rem_pio2.o)
 .text          0x000000000015c2b0        0x0 /opt/devkitpro/devkitARM/lib/gcc/arm-none-eabi/4.9.2/../../../../arm-none-eabi/lib/armv6k/fpu/libm.a(lib_a-e_log10.o)
 .text          0x000000000015c2b0        0x0 /opt/devkitpro/devkitARM/lib/gcc/arm-none-eabi/4.9.2/../../../../arm-none-eabi/lib/armv6k/fpu/libm.a(lib_a-e_log.o)
 .text          0x000000000015c2b0        0x0 /opt/devkitpro/devkitARM/lib/gcc/arm-none-eabi/4.9.2/../../../../arm-none-eabi/lib/armv6k/fpu/libm.a(lib_a-e_pow.o)
 .text          0x000000000015c2b0        0x0 /opt/devkitpro/devkitARM/lib/gcc/arm-none-eabi/4.9.2/../../../../arm-none-eabi/lib/armv6k/fpu/libm.a(lib_a-e_rem_pio2.o)
 .text          0x000000000015c2b0        0x0 /opt/devkitpro/devkitARM/lib/gcc/arm-none-eabi/4.9.2/../../../../arm-none-eabi/lib/armv6k/fpu/libm.a(lib_a-e_sinh.o)
 .text          0x000000000015c2b0        0x0 /opt/devkitpro/devkitARM/lib/gcc/arm-none-eabi/4.9.2/../../../../arm-none-eabi/lib/armv6k/fpu/libm.a(lib_a-e_sqrt.o)
 .text          0x000000000015c2b0        0x0 /opt/devkitpro/devkitARM/lib/gcc/arm-none-eabi/4.9.2/../../../../arm-none-eabi/lib/armv6k/fpu/libm.a(lib_a-k_cos.o)
 .text          0x000000000015c2b0        0x0 /opt/devkitpro/devkitARM/lib/gcc/arm-none-eabi/4.9.2/../../../../arm-none-eabi/lib/armv6k/fpu/libm.a(lib_a-kf_cos.o)
 .text          0x000000000015c2b0        0x0 /opt/devkitpro/devkitARM/lib/gcc/arm-none-eabi/4.9.2/../../../../arm-none-eabi/lib/armv6k/fpu/libm.a(lib_a-kf_rem_pio2.o)
 .text          0x000000000015c2b0        0x0 /opt/devkitpro/devkitARM/lib/gcc/arm-none-eabi/4.9.2/../../../../arm-none-eabi/lib/armv6k/fpu/libm.a(lib_a-kf_sin.o)
 .text          0x000000000015c2b0        0x0 /opt/devkitpro/devkitARM/lib/gcc/arm-none-eabi/4.9.2/../../../../arm-none-eabi/lib/armv6k/fpu/libm.a(lib_a-k_rem_pio2.o)
 .text          0x000000000015c2b0        0x0 /opt/devkitpro/devkitARM/lib/gcc/arm-none-eabi/4.9.2/../../../../arm-none-eabi/lib/armv6k/fpu/libm.a(lib_a-k_sin.o)
 .text          0x000000000015c2b0        0x0 /opt/devkitpro/devkitARM/lib/gcc/arm-none-eabi/4.9.2/../../../../arm-none-eabi/lib/armv6k/fpu/libm.a(lib_a-k_tan.o)
 .text          0x000000000015c2b0        0x0 /opt/devkitpro/devkitARM/lib/gcc/arm-none-eabi/4.9.2/../../../../arm-none-eabi/lib/armv6k/fpu/libm.a(lib_a-s_copysign.o)
 .text          0x000000000015c2b0        0x0 /opt/devkitpro/devkitARM/lib/gcc/arm-none-eabi/4.9.2/../../../../arm-none-eabi/lib/armv6k/fpu/libm.a(lib_a-s_expm1.o)
 .text          0x000000000015c2b0        0x0 /opt/devkitpro/devkitARM/lib/gcc/arm-none-eabi/4.9.2/../../../../arm-none-eabi/lib/armv6k/fpu/libm.a(lib_a-sf_fabs.o)
 .text          0x000000000015c2b0        0x0 /opt/devkitpro/devkitARM/lib/gcc/arm-none-eabi/4.9.2/../../../../arm-none-eabi/lib/armv6k/fpu/libm.a(lib_a-sf_floor.o)
 .text          0x000000000015c2b0        0x0 /opt/devkitpro/devkitARM/lib/gcc/arm-none-eabi/4.9.2/../../../../arm-none-eabi/lib/armv6k/fpu/libm.a(lib_a-s_finite.o)
 .text          0x000000000015c2b0        0x0 /opt/devkitpro/devkitARM/lib/gcc/arm-none-eabi/4.9.2/../../../../arm-none-eabi/lib/armv6k/fpu/libm.a(lib_a-s_fpclassify.o)
 .text          0x000000000015c2b0        0x0 /opt/devkitpro/devkitARM/lib/gcc/arm-none-eabi/4.9.2/../../../../arm-none-eabi/lib/armv6k/fpu/libm.a(lib_a-sf_scalbn.o)
 .text          0x000000000015c2b0        0x0 /opt/devkitpro/devkitARM/lib/gcc/arm-none-eabi/4.9.2/../../../../arm-none-eabi/lib/armv6k/fpu/libm.a(lib_a-s_lib_ver.o)