Archive member included to satisfy reference by file (symbol)

/home/ruairidh/GitHub/LovePotion/source/libs/libsfil/lib/libsfil.a(sfil_png.o)
                              image.o (sfil_load_PNG_file)
/opt/devkitpro/portlibs/armv6k/lib/libpng.a(png.o)
                              /home/ruairidh/GitHub/LovePotion/source/libs/libsfil/lib/libsfil.a(sfil_png.o) (png_set_sig_bytes)
/opt/devkitpro/portlibs/armv6k/lib/libpng.a(pngerror.o)
                              /opt/devkitpro/portlibs/armv6k/lib/libpng.a(png.o) (png_safecat)
/opt/devkitpro/portlibs/armv6k/lib/libpng.a(pngget.o)
                              /home/ruairidh/GitHub/LovePotion/source/libs/libsfil/lib/libsfil.a(sfil_png.o) (png_get_valid)
/opt/devkitpro/portlibs/armv6k/lib/libpng.a(pngmem.o)
                              /opt/devkitpro/portlibs/armv6k/lib/libpng.a(png.o) (png_calloc)
/opt/devkitpro/portlibs/armv6k/lib/libpng.a(pngread.o)
                              /home/ruairidh/GitHub/LovePotion/source/libs/libsfil/lib/libsfil.a(sfil_png.o) (png_create_read_struct)
/opt/devkitpro/portlibs/armv6k/lib/libpng.a(pngrio.o)
                              /home/ruairidh/GitHub/LovePotion/source/libs/libsfil/lib/libsfil.a(sfil_png.o) (png_set_read_fn)
/opt/devkitpro/portlibs/armv6k/lib/libpng.a(pngrtran.o)
                              /opt/devkitpro/portlibs/armv6k/lib/libpng.a(pngread.o) (png_set_background_fixed)
/opt/devkitpro/portlibs/armv6k/lib/libpng.a(pngrutil.o)
                              /opt/devkitpro/portlibs/armv6k/lib/libpng.a(pngread.o) (png_read_sig)
/opt/devkitpro/portlibs/armv6k/lib/libpng.a(pngset.o)
                              /opt/devkitpro/portlibs/armv6k/lib/libpng.a(pngrutil.o) (png_set_bKGD)
/opt/devkitpro/portlibs/armv6k/lib/libpng.a(pngtrans.o)
                              /opt/devkitpro/portlibs/armv6k/lib/libpng.a(pngread.o) (png_set_bgr)
/opt/devkitpro/portlibs/armv6k/lib/libpng.a(pngwrite.o)
                              /opt/devkitpro/portlibs/armv6k/lib/libpng.a(png.o) (png_destroy_write_struct)
/opt/devkitpro/portlibs/armv6k/lib/libpng.a(pngwtran.o)
                              /opt/devkitpro/portlibs/armv6k/lib/libpng.a(pngwrite.o) (png_do_write_transformations)
/opt/devkitpro/portlibs/armv6k/lib/libpng.a(pngwutil.o)
                              /opt/devkitpro/portlibs/armv6k/lib/libpng.a(pngwrite.o) (png_write_sig)
/opt/devkitpro/portlibs/armv6k/lib/libpng.a(pngwio.o)
                              /opt/devkitpro/portlibs/armv6k/lib/libpng.a(pngwutil.o) (png_write_data)
/opt/devkitpro/portlibs/armv6k/lib/libz.a(adler32.o)
                              /opt/devkitpro/portlibs/armv6k/lib/libpng.a(png.o) (adler32)
/opt/devkitpro/portlibs/armv6k/lib/libz.a(crc32.o)
                              /opt/devkitpro/portlibs/armv6k/lib/libpng.a(png.o) (crc32)
/opt/devkitpro/portlibs/armv6k/lib/libz.a(deflate.o)
                              /opt/devkitpro/portlibs/armv6k/lib/libpng.a(pngwutil.o) (deflateReset)
/opt/devkitpro/portlibs/armv6k/lib/libz.a(inflate.o)
                              /opt/devkitpro/portlibs/armv6k/lib/libpng.a(png.o) (inflateReset)
/opt/devkitpro/portlibs/armv6k/lib/libz.a(inftrees.o)
                              /opt/devkitpro/portlibs/armv6k/lib/libz.a(inflate.o) (inflate_table)
/opt/devkitpro/portlibs/armv6k/lib/libz.a(trees.o)
                              /opt/devkitpro/portlibs/armv6k/lib/libz.a(deflate.o) (_tr_init)
/opt/devkitpro/portlibs/armv6k/lib/libz.a(zutil.o)
                              /opt/devkitpro/portlibs/armv6k/lib/libz.a(deflate.o) (zcalloc)
/opt/devkitpro/portlibs/armv6k/lib/libz.a(inffast.o)
                              /opt/devkitpro/portlibs/armv6k/lib/libz.a(inflate.o) (inflate_fast)
/opt/devkitpro/libctru/lib/libsf2d.a(sf2d_texture.o)
                              /home/ruairidh/GitHub/LovePotion/source/libs/libsfil/lib/libsfil.a(sfil_png.o) (sf2d_create_texture)
/opt/devkitpro/libctru/lib/libsf2d.a(sf2d.o)
                              main.o (sf2d_init)
/opt/devkitpro/libctru/lib/libsf2d.a(sf2d_draw.o)
                              graphics.o (sf2d_draw_line)
/opt/devkitpro/libctru/lib/libsf2d.a(sf2d_private.o)
                              /opt/devkitpro/libctru/lib/libsf2d.a(sf2d.o) (GPU_SetDummyTexEnv)
/opt/devkitpro/libctru/lib/libsf2d.a(shader.vsh.o)
                              /opt/devkitpro/libctru/lib/libsf2d.a(sf2d.o) (shader_vsh_shbin_size)
/opt/devkitpro/libctru/lib/libctru.a(vram.o)
                              /opt/devkitpro/libctru/lib/libsf2d.a(sf2d_texture.o) (vramMemAlign)
/opt/devkitpro/libctru/lib/libctru.a(linear.o)
                              /opt/devkitpro/libctru/lib/libsf2d.a(sf2d_texture.o) (linearMemAlign)
/opt/devkitpro/libctru/lib/libctru.a(mem_pool.o)
                              /opt/devkitpro/libctru/lib/libctru.a(vram.o) (MemPool::Allocate(MemChunk&, unsigned long, int))
/opt/devkitpro/libctru/lib/libctru.a(os.o)
                              /opt/devkitpro/libctru/lib/libsf2d.a(sf2d_texture.o) (osConvertVirtToPhys)
[...]
Memory Configuration

Name             Origin             Length             Attributes
*default*        0x0000000000000000 0xffffffffffffffff

Linker script and memory map

                0x0000000000100000                . = 0x100000
                0x0000000000100000                __start__ = .

.text           0x0000000000100000    0xfb284
 *(.crt0)
 .crt0          0x0000000000100000       0x94 /opt/devkitpro/devkitARM/lib/gcc/arm-none-eabi/4.9.2/../../../../arm-none-eabi/lib/armv6k/fpu/3dsx_crt0.o
                0x0000000000100000                _start
                0x0000000000100008                __service_ptr
                0x000000000010000c                __apt_appid
                0x0000000000100010                __heap_size
                0x0000000000100014                __linear_heap_size
                0x0000000000100018                __system_arglist
                0x000000000010001c                __system_runflags
 *(.init)
 .init          0x0000000000100094        0xc /opt/devkitpro/devkitARM/lib/gcc/arm-none-eabi/4.9.2/armv6k/fpu/crti.o
                0x0000000000100094                _init
 .init          0x00000000001000a0        0xc /opt/devkitpro/devkitARM/lib/gcc/arm-none-eabi/4.9.2/armv6k/fpu/crtn.o
                0x00000000001000ac                . = ALIGN (0x4)
 *(.text)
 .text          0x00000000001000ac        0x0 /opt/devkitpro/devkitARM/lib/gcc/arm-none-eabi/4.9.2/../../../../arm-none-eabi/lib/armv6k/fpu/3dsx_crt0.o
 .text          0x00000000001000ac        0x0 /opt/devkitpro/devkitARM/lib/gcc/arm-none-eabi/4.9.2/armv6k/fpu/crti.o
 .text          0x00000000001000ac      0x108 /opt/devkitpro/devkitARM/lib/gcc/arm-none-eabi/4.9.2/armv6k/fpu/crtbegin.o
 .text          0x00000000001001b4        0x0 Vera.ttf.o
 .text          0x00000000001001b4        0x0 logo.png.o
 .text          0x00000000001001b4        0x0 main.o
 .text          0x00000000001001b4     0x101c liolib.o
                0x0000000000101064                luaopen_io
 .text          0x00000000001011d0        0x0 lopcodes.o
 .text          0x00000000001011d0      0x120 lmem.o
                0x00000000001011d0                luaM_toobig
                0x00000000001011e8                luaM_realloc_
                0x0000000000101248                luaM_growaux_
 .text          0x00000000001012f0      0x758 loslib.o
                0x0000000000101a28                luaopen_os
 .text          0x0000000000101a48     0x133c ldebug.o
                0x00000000001023d8                lua_sethook
                0x0000000000102404                lua_gethook
                0x000000000010240c                lua_gethookmask
                0x0000000000102414                lua_gethookcount
                0x000000000010241c                lua_getstack
                0x00000000001024b8                lua_getlocal
                0x0000000000102500                lua_setlocal
                0x000000000010255c                lua_getinfo
                0x0000000000102a40                luaG_checkopenop
                0x0000000000102a80                luaG_checkcode
                0x0000000000102a9c                luaG_errormsg
                0x0000000000102b3c                luaG_runerror
                0x0000000000102c14                luaG_typeerror
                0x0000000000102cd4                luaG_concaterror
                0x0000000000102cec                luaG_aritherror
                0x0000000000102d30                luaG_ordererror
 .text          0x0000000000102d84       0xf8 ltm.o
                0x0000000000102d84                luaT_init
                0x0000000000102df0                luaT_gettm
                0x0000000000102e24                luaT_gettmbyobj
 .text          0x0000000000102e7c      0xd04 loadlib.o
                0x00000000001039b8                luaopen_package
 .text          0x0000000000103b80       0x54 linit.o
                0x0000000000103b80                luaL_openlibs
 *fill*         0x0000000000103bd4        0x4 
 .text          0x0000000000103bd8      0x720 lmathlib.o
                0x0000000000104258                luaopen_math
 .text          0x00000000001042f8      0x4ac lstate.o
                0x00000000001044e4                luaE_newthread
                0x00000000001045a4                luaE_freethread
                0x00000000001045e0                lua_newstate
                0x0000000000104734                lua_close
 .text          0x00000000001047a4     0x1e38 lstrlib.o
                0x000000000010651c                luaopen_string
 .text          0x00000000001065dc      0x594 lobject.o
                0x0000000000106640                luaO_int2fb
                0x0000000000106674                luaO_fb2int
                0x0000000000106690                luaO_log2
                0x00000000001066c0                luaO_rawequalObj
                0x0000000000106730                luaO_str2d
                0x00000000001067f0                luaO_pushvfstring
                0x0000000000106a24                luaO_pushfstring
                0x0000000000106a54                luaO_chunkid
 .text          0x0000000000106b70     0x12c0 llex.o
                0x0000000000106bac                luaX_init
                0x0000000000106c00                luaX_token2str
                0x0000000000106c24                luaX_lexerror
                0x0000000000107174                luaX_syntaxerror
                0x000000000010717c                luaX_newstring
                0x0000000000107d28                luaX_setinput
                0x0000000000107dc8                luaX_next
                0x0000000000107e18                luaX_lookahead
 .text          0x0000000000107e30     0x1490 lbaselib.o
                0x0000000000109140                luaopen_base
 .text          0x00000000001092c0      0xdf8 ldblib.o
                0x000000000010a098                luaopen_debug
 .text          0x000000000010a0b8      0x194 lzio.o
                0x000000000010a0b8                luaZ_fill
                0x000000000010a110                luaZ_lookahead
                0x000000000010a150                luaZ_init
                0x000000000010a16c                luaZ_read
                0x000000000010a1e0                luaZ_openspace
 *fill*         0x000000000010a24c        0x4 
 .text          0x000000000010a250      0x8f8 ltablib.o
                0x000000000010ab24                luaopen_table
 .text          0x000000000010ab48      0xe40 ltable.o
                0x000000000010ae00                luaH_next
                0x000000000010b008                luaH_new
                0x000000000010b090                luaH_free
                0x000000000010b0f4                luaH_getnum
                0x000000000010b184                luaH_getstr
                0x000000000010b1e0                luaH_get
                0x000000000010b27c                luaH_setnum
                0x000000000010b490                luaH_resizearray
                0x000000000010b7a4                luaH_set
                0x000000000010b80c                luaH_setstr
                0x000000000010b868                luaH_getn
 .text          0x000000000010b988      0x308 lstring.o
                0x000000000010b988                luaS_resize
                0x000000000010ba70                luaS_newlstr
                0x000000000010bc18                luaS_newudata
 .text          0x000000000010bc90     0x125c lauxlib.o
                0x000000000010beb4                luaL_where
                0x000000000010bf28                luaL_error
                0x000000000010bf7c                luaL_argerror
                0x000000000010c04c                luaL_typerror
                0x000000000010c0c0                luaL_newmetatable
                0x000000000010c138                luaL_checkudata
                0x000000000010c1c0                luaL_checkstack
                0x000000000010c1f0                luaL_checktype
                0x000000000010c220                luaL_checkany
                0x000000000010c250                luaL_checklstring
                0x000000000010c288                luaL_optlstring
                0x000000000010c2dc                luaL_checkoption
                0x000000000010c370                luaL_checknumber
                0x000000000010c3d0                luaL_optnumber
                0x000000000010c410                luaL_checkinteger
                0x000000000010c45c                luaL_optinteger
                0x000000000010c490                luaL_getmetafield
                0x000000000010c504                luaL_callmeta
                0x000000000010c580                luaL_findtable
                0x000000000010c688                luaL_openlib
                0x000000000010c7f8                luaL_register
                0x000000000010c800                luaL_prepbuffer
                0x000000000010c834                luaL_addlstring
                0x000000000010c890                luaL_addstring
                0x000000000010c8b8                luaL_pushresult
                0x000000000010c8dc                luaL_gsub
                0x000000000010c978                luaL_addvalue
                0x000000000010ca28                luaL_buffinit
                0x000000000010ca3c                luaL_ref
                0x000000000010cb0c                luaL_unref
                0x000000000010cb88                luaL_loadfile
                0x000000000010ce58                luaL_loadbuffer
                0x000000000010ce7c                luaL_loadstring
                0x000000000010cebc                luaL_newstate
 *fill*         0x000000000010ceec        0x4 
 .text          0x000000000010cef0     0x2958 lparser.o
                0x000000000010f7a8                luaY_parser
 .text          0x000000000010f848     0x1ea8 lvm.o
                0x000000000010fd7c                luaV_tonumber
                0x000000000010fda0                luaV_tostring
                0x000000000010fdb8                luaV_gettable
                0x000000000010fef0                luaV_settable
                0x000000000011009c                luaV_lessthan
                0x0000000000110120                luaV_equalval
                0x0000000000110224                luaV_concat
                0x00000000001104a0                luaV_execute
 .text          0x00000000001116f0     0x1a48 lcode.o
                0x0000000000111bf8                luaK_getlabel
                0x0000000000111c08                luaK_concat
                0x0000000000111c70                luaK_patchtohere
                0x0000000000111c84                luaK_patchlist
                0x0000000000111cc8                luaK_jump
                0x0000000000111d14                luaK_checkstack
                0x0000000000111d60                luaK_reserveregs
                0x0000000000111d80                luaK_stringK
                0x0000000000111da8                luaK_numberK
                0x0000000000111dd0                luaK_setreturns
                0x0000000000111e84                luaK_setoneret
                0x0000000000111eec                luaK_fixline
                0x0000000000111f04                luaK_codeABC
                0x0000000000111f2c                luaK_nil
                0x0000000000111fd0                luaK_ret
                0x0000000000111ff8                luaK_dischargevars
                0x000000000011211c                luaK_codeABx
                0x00000000001123cc                luaK_exp2nextreg
                0x0000000000112420                luaK_exp2anyreg
                0x0000000000112484                luaK_exp2val
                0x000000000011249c                luaK_exp2RK
                0x00000000001125a8                luaK_indexed
                0x0000000000112860                luaK_posfix
                0x0000000000112aa8                luaK_self
                0x0000000000112b50                luaK_prefix
                0x0000000000112dcc                luaK_goiftrue
                0x0000000000112e84                luaK_infix
                0x0000000000112fa0                luaK_storevar
                0x00000000001130a0                luaK_setlist
 .text          0x0000000000113138      0x708 lundump.o
                0x0000000000113744                luaU_header
                0x0000000000113794                luaU_undump
 .text          0x0000000000113840      0xf10 ldo.o
                0x0000000000113840                luaD_seterrorobj
                0x00000000001138cc                luaD_rawrunprotected
                0x0000000000113930                luaD_reallocstack
                0x0000000000113a20                luaD_reallocCI
                0x0000000000113a9c                luaD_throw
                0x0000000000113bc0                luaD_growstack
                0x0000000000113d3c                luaD_callhook
                0x0000000000113e14                luaD_poscall
                0x0000000000113f34                luaD_precall
                0x0000000000114498                luaD_call
                0x000000000011454c                lua_resume
                0x00000000001145ec                lua_yield
                0x000000000011462c                luaD_pcall
                0x00000000001146e8                luaD_protectedparser
 .text          0x0000000000114750     0x1798 lapi.o
                0x0000000000114964                luaA_pushobject
                0x000000000011498c                lua_checkstack
                0x00000000001149fc                lua_xmove
                0x0000000000114a5c                lua_atpanic
                0x0000000000114a6c                lua_newthread
                0x0000000000114ab4                lua_gettop
                0x0000000000114ac8                lua_settop
                0x0000000000114b14                lua_remove
                0x0000000000114b58                lua_insert
                0x0000000000114ba4                lua_replace
                0x0000000000114c7c                lua_pushvalue
                0x0000000000114ca8                lua_type
                0x0000000000114cc8                lua_typename
                0x0000000000114ce4                lua_iscfunction
                0x0000000000114d14                lua_isnumber
                0x0000000000114d48                lua_isstring
                0x0000000000114d80                lua_isuserdata
                0x0000000000114da0                lua_rawequal
                0x0000000000114dec                lua_equal
                0x0000000000114e64                lua_lessthan
                0x0000000000114eb4                lua_tonumber
                0x0000000000114f00                lua_tointeger
                0x0000000000114f48                lua_toboolean
                0x0000000000114f84                lua_tolstring
                0x0000000000115014                lua_objlen
                0x000000000011508c                lua_tocfunction
                0x00000000001150bc                lua_touserdata
                0x00000000001150f4                lua_tothread
                0x0000000000115110                lua_topointer
                0x0000000000115170                lua_pushnil
                0x0000000000115188                lua_pushnumber
                0x00000000001151a8                lua_pushinteger
                0x00000000001151d0                lua_pushlstring
                0x0000000000115228                lua_pushstring
                0x000000000011526c                lua_pushvfstring
                0x00000000001152a8                lua_pushfstring
                0x00000000001152f8                lua_pushcclosure
                0x00000000001153c0                lua_pushboolean
                0x00000000001153e8                lua_pushlightuserdata
                0x0000000000115408                lua_pushthread
                0x0000000000115440                lua_gettable
                0x0000000000115468                lua_getfield
                0x00000000001154cc                lua_rawget
                0x0000000000115500                lua_rawgeti
                0x000000000011553c                lua_createtable
                0x0000000000115594                lua_getmetatable
                0x00000000001155f8                lua_getfenv
                0x0000000000115674                lua_settable
                0x00000000001156a8                lua_setfield
                0x0000000000115710                lua_rawset
                0x0000000000115790                lua_rawseti
                0x0000000000115814                lua_setmetatable
                0x0000000000115904                lua_setfenv
                0x00000000001159b0                lua_call
                0x00000000001159f4                lua_pcall
                0x0000000000115a88                lua_cpcall
                0x0000000000115ac4                lua_load
                0x0000000000115b0c                lua_dump
                0x0000000000115b5c                lua_status
                0x0000000000115b64                lua_gc
                0x0000000000115c58                lua_error
                0x0000000000115c68                lua_next
                0x0000000000115ca0                lua_concat
                0x0000000000115d40                lua_getallocf
                0x0000000000115d5c                lua_setallocf
                0x0000000000115d6c                lua_newuserdata
                0x0000000000115dec                lua_getupvalue
                0x0000000000115e48                lua_setupvalue
 .text          0x0000000000115ee8     0x136c lgc.o
                0x0000000000116a90                luaC_separateudata
                0x0000000000116f88                luaC_callGCTM
                0x0000000000116fbc                luaC_freeall
                0x0000000000117014                luaC_step
                0x00000000001170c0                luaC_fullgc
                0x0000000000117164                luaC_barrierf
                0x0000000000117198                luaC_barrierback
                0x00000000001171b8                luaC_link
                0x00000000001171dc                luaC_linkupval
 .text          0x0000000000117254      0xa00 print.o
                0x00000000001175c8                luaU_print
 *fill*         0x0000000000117c54        0x4 
 .text          0x0000000000117c58     0x12e8 compat-5.2.o
                0x0000000000117d54                lua_absindex
                0x0000000000117d88                lua_copy
                0x0000000000117dec                lua_rawgetp
                0x0000000000117e3c                lua_rawsetp
                0x0000000000117f58                luaL_testudata
                0x0000000000117fec                lua_tonumberx
                0x0000000000118048                lua_getuservalue
                0x00000000001181a0                lua_setuservalue
                0x0000000000118208                luaL_setfuncs
                0x00000000001182b8                luaL_setmetatable
                0x00000000001182f8                luaL_getsubtable
                0x00000000001183c0                luaL_traceback
                0x000000000011867c                luaL_checkversion
                0x0000000000118680                luaL_fileresult
                0x000000000011870c                luaL_execresult
                0x000000000011876c                lua_arith
                0x0000000000118800                lua_compare
                0x0000000000118904                lua_pushunsigned
                0x0000000000118918                luaL_checkunsigned
                0x00000000001189ac                lua_tounsignedx
                0x00000000001189fc                luaL_optunsigned
                0x0000000000118a30                lua_tointegerx
                0x0000000000118a80                lua_len
                0x0000000000118b2c                luaL_len
                0x0000000000118bac                luaL_tolstring
                0x0000000000118ca4                luaL_requiref
                0x0000000000118d7c                luaL_buffinit_52
                0x0000000000118da8                luaL_prepbuffsize_52
                0x0000000000118e48                luaL_addlstring_52
                0x0000000000118e7c                luaL_addvalue_52
                0x0000000000118f08                luaL_pushresult_52
 .text          0x0000000000118f40      0x46c lfunc.o
                0x0000000000118f40                luaF_newCclosure
                0x0000000000118f90                luaF_newLclosure
                0x0000000000119008                luaF_newupval
                0x000000000011904c                luaF_findupval
                0x0000000000119120                luaF_freeupval
                0x000000000011914c                luaF_close
                0x00000000001191e0                luaF_newproto
                0x0000000000119264                luaF_freeproto
                0x0000000000119318                luaF_freeclosure
                0x000000000011933c                luaF_getlocalname
 .text          0x00000000001193ac      0x5a4 ldump.o
                0x00000000001198e4                luaU_dump
 .text          0x0000000000119950       0x80 window.o
                0x0000000000119950                windowSetMode
                0x0000000000119958                windowGetDisplayCount
                0x0000000000119978                initLoveWindow
 .text          0x00000000001199d0      0x178 love.o
                0x00000000001199e8                initLove
 .text          0x0000000000119b48      0x17c system.o
                0x0000000000119c70                initLoveSystem
 .text          0x0000000000119cc4       0x60 event.o
                0x0000000000119cdc                initLoveEvent
 *fill*         0x0000000000119d24        0x4 
 .text          0x0000000000119d28      0x808 graphics.o
                0x000000000011a4b0                getCurrentColor
                0x000000000011a4e0                initLoveGraphics
 .text          0x000000000011a530      0x210 input.o
                0x000000000011a530                keyboardIsDown
                0x000000000011a5e0                inputScan
                0x000000000011a6ec                initLoveKeyboard
 .text          0x000000000011a740      0x180 timer.o
                0x000000000011a830                roundNumber
                0x000000000011a860                initLoveTimer
 .text          0x000000000011a8c0      0x1b0 font.o
                0x000000000011a8c0                fontNew
                0x000000000011a9a8                fontGC
                0x000000000011a9c8                fontInit
                0x000000000011a9e8                fontDefaultInit
                0x000000000011aa18                initFontClass
 .text          0x000000000011aa70      0x18c image.o
                0x000000000011aa70                imageNew
                0x000000000011aac4                imageGC
                0x000000000011aae4                imageGetDimensions
                0x000000000011ab24                imageGetWidth
                0x000000000011ab50                imageGetHeight
                0x000000000011ab7c                imageInit
                0x000000000011ab9c                initImageClass
 .text          0x000000000011abfc      0x214 luaobj.o
                0x000000000011abfc                luaobj_newclass
                0x000000000011ad40                luaobj_setclass
                0x000000000011ada8                luaobj_newudata
                0x000000000011adc0                luaobj_checkudata
 .text          0x000000000011ae10      0x3e8 /home/ruairidh/GitHub/LovePotion/source/libs/libsfil/lib/libsfil.a(sfil_png.o)
                0x000000000011b110                sfil_load_PNG_file
                0x000000000011b1ac                sfil_load_PNG_buffer
 .text          0x000000000011b1f8     0x6d60 /opt/devkitpro/portlibs/armv6k/lib/libpng.a(png.o)
                0x000000000011b1f8                png_zalloc
                0x000000000011b250                png_zfree
                0x000000000011bb50                png_set_sig_bytes
                0x000000000011bb84                png_sig_cmp
                0x000000000011bbf4                png_reset_crc
                0x000000000011bc14                png_calculate_crc
                0x000000000011bc68                png_user_version_check
                0x000000000011bd68                png_create_png_struct
                0x000000000011be7c                png_create_info_struct
                0x000000000011bebc                png_destroy_info_struct
                0x000000000011c244                png_info_init_3
                0x000000000011c2a0                png_data_freer
                0x000000000011c2ec                png_free_data
                0x000000000011c2fc                png_get_io_ptr
                0x000000000011c308                png_init_io
                0x000000000011c314                png_save_int_32
                0x000000000011c334                png_convert_to_rfc1123_buffer
                0x000000000011c518                png_convert_to_rfc1123
                0x000000000011c70c                png_get_copyright
                0x000000000011c718                png_get_libpng_ver
                0x000000000011c724                png_get_header_ver
                0x000000000011c730                png_get_header_version
                0x000000000011c73c                png_build_grayscale_palette
                0x000000000011c79c                png_handle_as_unknown
                0x000000000011c810                png_chunk_unknown_handling
                0x000000000011c8a0                png_reset_zstream
                0x000000000011c8b8                png_access_version_number
                0x000000000011c8c4                png_zstream_error
                0x000000000011c9a8                png_colorspace_set_gamma
                0x000000000011cb18                png_colorspace_sync_info
                0x000000000011cb88                png_colorspace_sync
                0x000000000011cc10                png_colorspace_set_sRGB
                0x000000000011ce94                png_icc_check_length
                0x000000000011d02c                png_icc_check_header
                0x000000000011d388                png_icc_check_tag_table
                0x000000000011d4c0                png_icc_set_sRGB
                0x000000000011d714                png_colorspace_set_ICC
                0x000000000011daec                png_colorspace_set_rgb_coefficients
                0x000000000011dd94                png_check_IHDR
                0x000000000011e04c                png_check_fp_number
                0x000000000011e2e4                png_check_fp_string
                0x000000000011e5a4                png_ascii_from_fp
                0x000000000011eec8                png_ascii_from_fixed
                0x000000000011f2f8                png_fixed
                0x000000000011f380                png_muldiv
                0x000000000011f438                png_muldiv_warn
                0x000000000011f4f4                png_reciprocal
                0x000000000011f580                png_colorspace_set_endpoints
                0x0000000000120608                png_colorspace_set_chromaticities
                0x00000000001210dc                png_gamma_significant
                0x00000000001210fc                png_reciprocal2
                0x00000000001211b8                png_gamma_8bit_correct
                0x0000000000121240                png_gamma_16bit_correct
                0x00000000001212d4                png_gamma_correct
                0x00000000001213e4                png_destroy_gamma_table
                0x0000000000121518                png_build_gamma_table
                0x0000000000121e54                png_set_option
                0x0000000000121eb4                png_image_free
                0x0000000000121ef0                png_image_error
 .text          0x0000000000121f58     0x1a6c /opt/devkitpro/portlibs/armv6k/lib/libpng.a(pngerror.o)
                0x00000000001221c4                png_safecat
                0x0000000000122238                png_format_number
                0x00000000001223a4                png_warning
                0x00000000001224ec                png_warning_parameter
                0x0000000000122568                png_warning_parameter_unsigned
                0x00000000001225fc                png_warning_parameter_signed
                0x00000000001226c8                png_formatted_warning
                0x00000000001229a0                png_chunk_warning
                0x0000000000122b4c                png_free_jmpbuf
                0x0000000000122bdc                png_longjmp
                0x0000000000122c08                png_error
                0x0000000000122c68                png_app_warning
                0x0000000000122dc0                png_app_error
                0x0000000000122f18                png_chunk_error
                0x0000000000122f44                png_chunk_benign_error
                0x00000000001230e8                png_benign_error
                0x00000000001233b8                png_fixed_error
                0x0000000000123438                png_set_longjmp_fn
                0x000000000012351c                png_chunk_report
                0x00000000001237f4                png_set_error_fn
                0x0000000000123808                png_get_error_ptr
                0x0000000000123814                png_safe_error
                0x00000000001238b8                png_safe_warning
                0x000000000012392c                png_safe_execute
 *fill*         0x00000000001239c4        0x4 
 .text          0x00000000001239c8     0x12d0 /opt/devkitpro/portlibs/armv6k/lib/libpng.a(pngget.o)
                0x00000000001239c8                png_get_valid
                0x00000000001239e4                png_get_rowbytes
                0x00000000001239fc                png_get_rows
                0x0000000000123a14                png_get_image_width
                0x0000000000123a2c                png_get_image_height
                0x0000000000123a44                png_get_bit_depth
                0x0000000000123a5c                png_get_color_type
                0x0000000000123a74                png_get_filter_type
                0x0000000000123a8c                png_get_interlace_type
                0x0000000000123aa4                png_get_compression_type
                0x0000000000123abc                png_get_x_pixels_per_meter
                0x0000000000123af0                png_get_y_pixels_per_meter
                0x0000000000123b24                png_get_pixels_per_meter
                0x0000000000123b70                png_get_pixel_aspect_ratio
                0x0000000000123bb8                png_get_pixel_aspect_ratio_fixed
                0x0000000000123c48                png_get_x_offset_microns
                0x0000000000123c7c                png_get_y_offset_microns
                0x0000000000123cb0                png_get_x_offset_pixels
                0x0000000000123ce4                png_get_y_offset_pixels
                0x0000000000123d18                png_get_pixels_per_inch
                0x0000000000123da4                png_get_x_pixels_per_inch
                0x0000000000123e20                png_get_y_pixels_per_inch
                0x0000000000123e9c                png_get_x_offset_inches_fixed
                0x0000000000123eec                png_get_y_offset_inches_fixed
                0x0000000000123f3c                png_get_x_offset_inches
                0x0000000000123f8c                png_get_y_offset_inches
                0x0000000000123fdc                png_get_pHYs_dpi
                0x00000000001240a8                png_get_channels
                0x00000000001240c0                png_get_signature
                0x00000000001240d8                png_get_bKGD
                0x0000000000124114                png_get_cHRM
                0x0000000000124228                png_get_cHRM_XYZ
                0x0000000000124358                png_get_cHRM_XYZ_fixed
                0x0000000000124430                png_get_cHRM_fixed
                0x00000000001244f4                png_get_gAMA_fixed
                0x000000000012452c                png_get_gAMA
                0x0000000000124580                png_get_sRGB
                0x00000000001245bc                png_get_iCCP
                0x0000000000124660                png_get_sPLT
                0x0000000000124690                png_get_hIST
                0x00000000001246cc                png_get_IHDR
                0x0000000000124788                png_get_oFFs
                0x00000000001247f4                png_get_pCAL
                0x00000000001248c4                png_get_sCAL_fixed
                0x000000000012494c                png_get_sCAL
                0x00000000001249a4                png_get_sCAL_s
                0x00000000001249e8                png_get_pHYs
                0x0000000000124a48                png_get_PLTE
                0x0000000000124a8c                png_get_sBIT
                0x0000000000124ac8                png_get_text
                0x0000000000124b10                png_get_tIME
                0x0000000000124b4c                png_get_tRNS
                0x0000000000124bdc                png_get_unknown_chunks
                0x0000000000124c0c                png_get_rgb_to_gray_status
                0x0000000000124c18                png_get_user_chunk_ptr
                0x0000000000124c24                png_get_compression_buffer_size
                0x0000000000124c40                png_get_user_width_max
                0x0000000000124c4c                png_get_user_height_max
                0x0000000000124c58                png_get_chunk_cache_max
                0x0000000000124c64                png_get_chunk_malloc_max
                0x0000000000124c70                png_get_io_state
                0x0000000000124c78                png_get_io_chunk_type
                0x0000000000124c80                png_get_palette_max
 .text          0x0000000000124c98      0x3ec /opt/devkitpro/portlibs/armv6k/lib/libpng.a(pngmem.o)
                0x0000000000124c98                png_destroy_png_struct
                0x0000000000124d00                png_calloc
                0x0000000000124d78                png_malloc_base
                0x0000000000124da8                png_malloc_array
                0x0000000000124e24                png_realloc_array
                0x0000000000124f2c                png_malloc
                0x0000000000124f88                png_malloc_default
                0x0000000000124fc8                png_malloc_warn
                0x000000000012502c                png_free
                0x0000000000125050                png_free_default
                0x0000000000125064                png_set_mem_fn
                0x0000000000125078                png_get_mem_ptr
 .text          0x0000000000125084     0x7704 /opt/devkitpro/portlibs/armv6k/lib/libpng.a(pngread.o)
                0x000000000012acdc                png_create_read_struct
                0x000000000012ad34                png_create_read_struct_2
                0x000000000012ad90                png_read_info
                0x000000000012ada0                png_read_update_info
                0x000000000012ade4                png_start_read_image
                0x000000000012ae08                png_read_row
                0x000000000012b160                png_read_rows
                0x000000000012b554                png_read_image
                0x000000000012b8f0                png_read_end
                0x000000000012bd80                png_destroy_read_struct
                0x000000000012c004                png_set_read_status_fn
                0x000000000012c010                png_read_png
                0x000000000012c2c8                png_image_begin_read_from_stdio
                0x000000000012c478                png_image_begin_read_from_file
                0x000000000012c540                png_image_begin_read_from_memory
                0x000000000012c5dc                png_image_finish_read
 .text          0x000000000012c788       0xac /opt/devkitpro/portlibs/armv6k/lib/libpng.a(pngrio.o)
                0x000000000012c788                png_default_read_data
                0x000000000012c7c4                png_read_data
                0x000000000012c7e4                png_set_read_fn
 *fill*         0x000000000012c834        0x4 
 .text          0x000000000012c838     0x6020 /opt/devkitpro/portlibs/armv6k/lib/libpng.a(pngrtran.o)
                0x000000000012db84                png_set_crc_action
                0x000000000012dc60                png_set_background_fixed
                0x000000000012dd18                png_set_background
                0x000000000012ddf0                png_set_scale_16
                0x000000000012de28                png_set_strip_16
                0x000000000012de60                png_set_strip_alpha
                0x000000000012de98                png_set_alpha_mode_fixed
                0x000000000012e094                png_set_alpha_mode
                0x000000000012e344                png_set_quantize
                0x000000000012ebec                png_set_gamma_fixed
                0x000000000012ecf4                png_set_gamma
                0x000000000012ef28                png_set_expand
                0x000000000012ef64                png_set_palette_to_rgb
                0x000000000012efa0                png_set_expand_gray_1_2_4_to_8
                0x000000000012efd8                png_set_tRNS_to_alpha
                0x000000000012f014                png_set_expand_16
                0x000000000012f050                png_set_gray_to_rgb
                0x000000000012f088                png_set_rgb_to_gray_fixed
                0x000000000012f1e0                png_set_rgb_to_gray
                0x000000000012f384                png_set_read_user_transform_fn
                0x000000000012f398                png_init_read_transformations
                0x0000000000130080                png_read_transform_info
                0x0000000000130370                png_do_read_transformations
 .text          0x0000000000132858     0x5208 /opt/devkitpro/portlibs/armv6k/lib/libpng.a(pngrutil.o)
                0x0000000000133484                png_get_uint_31
                0x00000000001334c0                png_get_uint_32
                0x00000000001334e4                png_get_int_32
                0x0000000000133508                png_get_uint_16
                0x000000000013351c                png_read_sig
                0x00000000001335c8                png_read_chunk_header
                0x0000000000133738                png_crc_read
                0x0000000000133768                png_crc_finish
                0x00000000001338e8                png_crc_error
                0x0000000000133988                png_handle_IHDR
                0x0000000000133b00                png_handle_PLTE
                0x0000000000133d20                png_handle_IEND
                0x0000000000133d74                png_handle_gAMA
                0x0000000000133e58                png_handle_sBIT
                0x000000000013406c                png_handle_cHRM
                0x000000000013432c                png_handle_sRGB
                0x0000000000134434                png_handle_iCCP
                0x0000000000134a18                png_handle_sPLT
                0x0000000000134d38                png_handle_tRNS
                0x0000000000134f74                png_handle_bKGD
                0x00000000001351a4                png_handle_hIST
                0x00000000001352dc                png_handle_pHYs
                0x0000000000135418                png_handle_oFFs
                0x0000000000135568                png_handle_pCAL
                0x00000000001358d8                png_handle_sCAL
                0x0000000000135b60                png_handle_tIME
                0x0000000000135c74                png_handle_tEXt
                0x0000000000135e34                png_handle_zTXt
                0x0000000000136088                png_handle_iTXt
                0x00000000001363f0                png_handle_unknown
                0x0000000000136710                png_check_chunk_name
                0x00000000001367d8                png_combine_row
                0x0000000000136cc8                png_do_read_interlace
                0x0000000000137154                png_read_filter_row
                0x00000000001371dc                png_read_IDAT_data
                0x0000000000137558                png_read_finish_IDAT
                0x00000000001375d0                png_read_finish_row
                0x0000000000137720                png_read_start_row
 .text          0x0000000000137a60     0x1e70 /opt/devkitpro/portlibs/armv6k/lib/libpng.a(pngset.o)
                0x0000000000137dc0                png_set_bKGD
                0x0000000000137e0c                png_set_cHRM_fixed
                0x0000000000137e9c                png_set_cHRM_XYZ_fixed
                0x0000000000137f34                png_set_cHRM
                0x0000000000138088                png_set_cHRM_XYZ
                0x00000000001381e4                png_set_gAMA_fixed
                0x0000000000138214                png_set_gAMA
                0x0000000000138258                png_set_hIST
                0x0000000000138304                png_set_IHDR
                0x00000000001383e0                png_set_oFFs
                0x000000000013840c                png_set_pCAL
                0x000000000013868c                png_set_sCAL_s
                0x00000000001387f0                png_set_sCAL
                0x00000000001389bc                png_set_sCAL_fixed
                0x0000000000138b6c                png_set_pHYs
                0x0000000000138b98                png_set_PLTE
                0x0000000000138c9c                png_set_sBIT
                0x0000000000138ce0                png_set_sRGB
                0x0000000000138d10                png_set_sRGB_gAMA_and_cHRM
                0x0000000000138d50                png_set_iCCP
                0x0000000000138ea4                png_set_text
                0x0000000000138ee8                png_set_text_2
                0x0000000000138f20                png_set_tIME
                0x0000000000138fc0                png_set_tRNS
                0x0000000000139100                png_set_sPLT
                0x0000000000139270                png_set_unknown_chunks
                0x0000000000139400                png_set_unknown_chunk_location
                0x00000000001394ac                png_permit_mng_features
                0x00000000001394c0                png_set_keep_unknown_chunks
                0x0000000000139774                png_set_read_user_chunk_fn
                0x0000000000139784                png_set_rows
                0x00000000001397e0                png_set_compression_buffer_size
                0x0000000000139864                png_set_invalid
                0x000000000013987c                png_set_user_limits
                0x000000000013988c                png_set_chunk_cache_max
                0x0000000000139898                png_set_chunk_malloc_max
                0x00000000001398a4                png_set_benign_errors
                0x00000000001398bc                png_set_check_for_invalid_index
 .text          0x00000000001398d0      0xa8c /opt/devkitpro/portlibs/armv6k/lib/libpng.a(pngtrans.o)
                0x00000000001398d0                png_set_bgr
                0x00000000001398e4                png_set_swap
                0x0000000000139904                png_set_packing
                0x000000000013992c                png_set_packswap
                0x000000000013994c                png_set_shift
                0x0000000000139974                png_set_interlace_handling
                0x00000000001399a4                png_set_filler
                0x0000000000139a2c                png_set_add_alpha
                0x0000000000139ad4                png_set_swap_alpha
                0x0000000000139ae8                png_set_invert_alpha
                0x0000000000139afc                png_set_invert_mono
                0x0000000000139b10                png_do_invert
                0x0000000000139d00                png_do_swap
                0x0000000000139d4c                png_do_packswap
                0x0000000000139db8                png_do_strip_channel
                0x0000000000139fe4                png_do_bgr
                0x000000000013a120                png_do_check_palette_indexes
                0x000000000013a2ec                png_set_user_transform_info
                0x000000000013a330                png_get_user_transform_ptr
                0x000000000013a33c                png_get_current_row_number
                0x000000000013a34c                png_get_current_pass_number
 *fill*         0x000000000013a35c        0x4 
 .text          0x000000000013a360     0x3f70 /opt/devkitpro/portlibs/armv6k/lib/libpng.a(pngwrite.o)
                0x000000000013ab9c                png_write_info_before_PLTE
                0x000000000013b1d0                png_write_info
                0x000000000013b1e0                png_write_end
                0x000000000013b42c                png_convert_from_struct_tm
                0x000000000013b46c                png_convert_from_time_t
                0x000000000013b4cc                png_create_write_struct
                0x000000000013b558                png_create_write_struct_2
                0x000000000013b5e8                png_write_rows
                0x000000000013b9b8                png_write_image
                0x000000000013bd98                png_write_row
                0x000000000013c840                png_set_flush
                0x000000000013c850                png_write_flush
                0x000000000013c894                png_destroy_write_struct
                0x000000000013c9e4                png_set_filter
                0x000000000013d464                png_set_filter_heuristics
                0x000000000013d6b0                png_set_filter_heuristics_fixed
                0x000000000013d8f8                png_set_compression_level
                0x000000000013d904                png_set_compression_mem_level
                0x000000000013d910                png_set_compression_strategy
                0x000000000013d928                png_set_compression_window_bits
                0x000000000013d97c                png_set_compression_method
                0x000000000013d9ac                png_set_text_compression_level
                0x000000000013d9b8                png_set_text_compression_mem_level
                0x000000000013d9c4                png_set_text_compression_strategy
                0x000000000013d9d0                png_set_text_compression_window_bits
                0x000000000013da24                png_set_text_compression_method
                0x000000000013da54                png_set_write_status_fn
                0x000000000013da60                png_set_write_user_transform_fn
                0x000000000013da78                png_write_png
                0x000000000013dfa8                png_image_write_to_stdio
                0x000000000013e18c                png_image_write_to_file
 .text          0x000000000013e2d0      0x778 /opt/devkitpro/portlibs/armv6k/lib/libpng.a(pngwtran.o)
                0x000000000013e2d0                png_do_write_transformations
 .text          0x000000000013ea48     0x4ab0 /opt/devkitpro/portlibs/armv6k/lib/libpng.a(pngwutil.o)
                0x000000000013f2bc                png_save_uint_32
                0x000000000013f2dc                png_save_uint_16
                0x000000000013f2ec                png_write_sig
                0x000000000013f348                png_write_chunk_start
                0x000000000013f3f4                png_write_chunk_data
                0x000000000013f430                png_write_chunk_end
                0x000000000013f47c                png_write_chunk
                0x000000000013f5a8                png_free_buffer_list
                0x000000000013f5e0                png_write_IHDR
                0x000000000013f978                png_write_PLTE
                0x000000000013fb10                png_compress_IDAT
                0x000000000013ff4c                png_write_IEND
                0x0000000000140014                png_write_gAMA_fixed
                0x0000000000140114                png_write_sRGB
                0x000000000014021c                png_write_iCCP
                0x0000000000140484                png_write_sPLT
                0x00000000001406d4                png_write_sBIT
                0x00000000001407dc                png_write_cHRM_fixed
                0x0000000000140930                png_write_tRNS
                0x0000000000140b08                png_write_bKGD
                0x0000000000140d08                png_write_hIST
                0x0000000000140e44                png_write_tEXt
                0x0000000000140ff4                png_write_zTXt
                0x000000000014123c                png_write_iTXt
                0x0000000000141604                png_write_oFFs
                0x000000000014172c                png_write_pCAL
                0x0000000000141a3c                png_write_sCAL_s
                0x0000000000141ae0                png_write_pHYs
                0x0000000000141c2c                png_write_tIME
                0x0000000000141cc8                png_write_start_row
                0x0000000000141e3c                png_write_finish_row
                0x0000000000141f7c                png_do_write_interlace
                0x00000000001421ec                png_write_find_filter
 .text          0x00000000001434f8       0xd8 /opt/devkitpro/portlibs/armv6k/lib/libpng.a(pngwio.o)
                0x00000000001434f8                png_default_write_data
                0x0000000000143534                png_default_flush
                0x0000000000143544                png_write_data
                0x0000000000143564                png_flush
                0x0000000000143574                png_set_write_fn
 .text          0x00000000001435d0      0x5c0 /opt/devkitpro/portlibs/armv6k/lib/libz.a(adler32.o)
                0x00000000001435d0                adler32
                0x0000000000143a18                adler32_combine
                0x0000000000143ad4                adler32_combine64
 .text          0x0000000000143b90      0x5d8 /opt/devkitpro/portlibs/armv6k/lib/libz.a(crc32.o)
                0x0000000000143da4                get_crc_table
                0x0000000000143db0                crc32
                0x0000000000144160                crc32_combine
                0x0000000000144164                crc32_combine64
 .text          0x0000000000144168     0x40e0 /opt/devkitpro/portlibs/armv6k/lib/libz.a(deflate.o)
                0x00000000001457e4                deflateSetDictionary
                0x00000000001459fc                deflateResetKeep
                0x0000000000145ad4                deflateReset
                0x0000000000145c3c                deflateSetHeader
                0x0000000000145c70                deflatePending
                0x0000000000145cbc                deflatePrime
                0x0000000000145d64                deflateTune
                0x0000000000145d9c                deflateBound
                0x0000000000145eb0                deflate
                0x0000000000147700                deflateParams
                0x000000000014781c                deflateEnd
                0x000000000014793c                deflateInit2_
                0x0000000000147d04                deflateInit_
                0x0000000000148044                deflateCopy
 .text          0x0000000000148248     0x2c58 /opt/devkitpro/portlibs/armv6k/lib/libz.a(inflate.o)
                0x0000000000148248                inflateResetKeep
                0x00000000001482d8                inflateReset
                0x0000000000148374                inflateReset2
                0x0000000000148494                inflateInit2_
                0x000000000014861c                inflateInit_
                0x0000000000148780                inflatePrime
                0x00000000001487f8                inflate
                0x000000000014a694                inflateEnd
                0x000000000014a6f8                inflateGetDictionary
                0x000000000014a790                inflateSetDictionary
                0x000000000014a938                inflateGetHeader
                0x000000000014a974                inflateSync
                0x000000000014ac2c                inflateSyncPoint
                0x000000000014ac6c                inflateCopy
                0x000000000014ae18                inflateUndermine
                0x000000000014ae48                inflateMark
 .text          0x000000000014aea0      0xbf4 /opt/devkitpro/portlibs/armv6k/lib/libz.a(inftrees.o)
                0x000000000014aea0                inflate_table
 .text          0x000000000014ba94     0x257c /opt/devkitpro/portlibs/armv6k/lib/libz.a(trees.o)
                0x000000000014cfc4                _tr_init
                0x000000000014d090                _tr_stored_block
                0x000000000014d224                _tr_flush_bits
                0x000000000014d2c0                _tr_align
                0x000000000014d444                _tr_flush_block
                0x000000000014df58                _tr_tally
 .text          0x000000000014e010       0x38 /opt/devkitpro/portlibs/armv6k/lib/libz.a(zutil.o)
                0x000000000014e010                zlibVersion
                0x000000000014e01c                zlibCompileFlags
                0x000000000014e024                zError
                0x000000000014e038                zcalloc
                0x000000000014e040                zcfree
 .text          0x000000000014e048      0xbe4 /opt/devkitpro/portlibs/armv6k/lib/libz.a(inffast.o)
                0x000000000014e048                inflate_fast
 .text          0x000000000014ec2c     0x13dc /opt/devkitpro/libctru/lib/libsf2d.a(sf2d_texture.o)
                0x000000000014ed50                sf2d_create_texture
                0x000000000014ee84                sf2d_free_texture
                0x000000000014eed4                sf2d_fill_texture_from_RGBA8
                0x000000000014ef8c                sf2d_create_texture_mem_RGBA8
                0x000000000014efd0                sf2d_bind_texture
                0x000000000014f048                sf2d_bind_texture_color
                0x000000000014f0c8                sf2d_bind_texture_parameters
                0x000000000014f140                sf2d_draw_texture
                0x000000000014f284                sf2d_draw_texture_rotate
                0x000000000014f464                sf2d_draw_texture_part
                0x000000000014f5e4                sf2d_draw_texture_scale
                0x000000000014f750                sf2d_draw_texture_rotate_cut_scale
                0x000000000014f97c                sf2d_draw_texture_blend
                0x000000000014fac8                sf2d_draw_texture_part_blend
                0x000000000014fc4c                sf2d_draw_texture_depth
                0x000000000014fdac                sf2d_draw_quad_uv
                0x000000000014fed4                sf2d_set_pixel
                0x000000000014ff68                sf2d_get_pixel
                0x000000000014fff8                sf2d_texture_tile32
 .text          0x0000000000150008      0x75c /opt/devkitpro/libctru/lib/libsf2d.a(sf2d.o)
                0x0000000000150220                sf2d_init
                0x0000000000150248                sf2d_init_advanced
                0x0000000000150268                sf2d_fini
                0x00000000001502cc                sf2d_set_3D
                0x00000000001502d8                sf2d_start_frame
                0x0000000000150468                sf2d_end_frame
                0x0000000000150580                sf2d_swapbuffers
                0x0000000000150630                sf2d_set_vblank_wait
                0x0000000000150640                sf2d_get_fps
                0x0000000000150650                sf2d_pool_malloc
                0x000000000015067c                sf2d_pool_memalign
                0x00000000001506bc                sf2d_pool_space_free
                0x00000000001506d4                sf2d_pool_reset
                0x00000000001506e8                sf2d_set_clear_color
                0x00000000001506f8                sf2d_set_scissor_test
                0x0000000000150744                sf2d_get_current_screen
                0x0000000000150754                sf2d_get_current_side
 .text          0x0000000000150764      0x7bc /opt/devkitpro/libctru/lib/libsf2d.a(sf2d_draw.o)
                0x0000000000150764                sf2d_draw_line
                0x0000000000150938                sf2d_draw_rectangle
                0x0000000000150aec                sf2d_draw_rectangle_rotate
                0x0000000000150d3c                sf2d_draw_fill_circle
 .text          0x0000000000150f20      0x4f8 /opt/devkitpro/libctru/lib/libsf2d.a(sf2d_private.o)
                0x0000000000150f20                GPU_SetDummyTexEnv
                0x0000000000150f54                vector_mult_matrix4x4
                0x0000000000150fd8                matrix_gpu_set_uniform
                0x0000000000151028                matrix_copy
                0x0000000000151064                matrix_identity4x4
                0x00000000001510b0                matrix_mult4x4
                0x0000000000151124                matrix_set_z_rotation
                0x0000000000151198                matrix_rotate_z
                0x00000000001511f8                matrix_set_scaling
                0x0000000000151244                matrix_swap_xy
                0x00000000001512e4                matrix_init_orthographic
                0x00000000001513f8                next_pow2
 .text          0x0000000000151418        0x0 /opt/devkitpro/libctru/lib/libsf2d.a(shader.vsh.o)
 .text          0x0000000000151418      0x1c4 /opt/devkitpro/libctru/lib/libctru.a(vram.o)
                0x0000000000151440                vramMemAlign
                0x0000000000151570                vramAlloc
                0x0000000000151578                vramRealloc
                0x0000000000151580                vramFree
                0x00000000001515d0                vramSpaceFree
 .text          0x00000000001515dc      0x1d4 /opt/devkitpro/libctru/lib/libctru.a(linear.o)
                0x0000000000151604                linearMemAlign
                0x0000000000151744                linearAlloc
                0x000000000015174c                linearRealloc
                0x0000000000151754                linearFree
                0x00000000001517a4                linearSpaceFree
 .text          0x00000000001517b0      0x35c /opt/devkitpro/libctru/lib/libctru.a(mem_pool.o)
                0x00000000001517b0                MemPool::CoalesceRight(MemBlock*)
                0x0000000000151850                MemPool::Allocate(MemChunk&, unsigned long, int)
                0x00000000001519d8                MemPool::Deallocate(MemChunk const&)
                0x0000000000151adc                MemPool::GetFreeSpace()
 *fill*         0x0000000000151b0c        0x4 
 .text          0x0000000000151b10      0x288 /opt/devkitpro/libctru/lib/libctru.a(os.o)
                0x0000000000151b68                osConvertVirtToPhys
                0x0000000000151bb4                osConvertOldLINEARMemToNew
                0x0000000000151bd4                __libctru_gtod
                0x0000000000151ccc                osGetTime
                0x0000000000151d40                osGetFirmVersion
                0x0000000000151d54                osGetKernelVersion
                0x0000000000151d68                osStrError
                0x0000000000151d88                osGetWifiStrength
 .text          0x0000000000151d98     0x1074 /opt/devkitpro/libctru/lib/libctru.a(console.o)
                0x0000000000151d98                debug_write
                0x0000000000151db4                consoleGetDefault
                0x0000000000151dc0                consoleDebugInit
                0x0000000000151e44                consoleSelect
                0x0000000000151e5c                consoleSetFont
                0x0000000000151e78                consoleDrawChar
                0x0000000000152024                consolePrintChar
                0x00000000001522d0                consoleInit
                0x00000000001525c4                con_write
                0x0000000000152dc8                consoleClear
                0x0000000000152dd4                consoleSetWindow
 .text          0x0000000000152e0c      0x72c /opt/devkitpro/libctru/lib/libctru.a(gfx.o)
                0x0000000000152e98                gfxSet3D
                0x0000000000152ea8                gfxSetScreenFormat
                0x0000000000152ec0                gfxGetScreenFormat
                0x0000000000152ed8                gfxSetDoubleBuffering
                0x0000000000152eec                gfxSetFramebufferInfo
                0x0000000000152f5c                gfxWriteFramebufferInfo
                0x0000000000153020                gfxInit
                0x0000000000153200                gfxInitDefault
                0x0000000000153210                gfxExit
                0x00000000001532dc                gfxGetFramebuffer
                0x000000000015338c                gfxFlushBuffers
                0x0000000000153468                gfxSwapBuffers
                0x00000000001534dc                gfxSwapBuffersGpu
 .text          0x0000000000153538      0x7f4 /opt/devkitpro/libctru/lib/libctru.a(shaderProgram.o)
                0x0000000000153538                shaderInstanceInit
                0x0000000000153740                shaderInstanceFree
                0x0000000000153778                shaderInstanceSetBool
                0x00000000001537b8                shaderInstanceGetBool
                0x0000000000153804                shaderInstanceGetUniformLocation
                0x0000000000153824                shaderProgramInit
                0x000000000015383c                shaderProgramFree
                0x000000000015386c                shaderProgramSetVsh
                0x00000000001538d8                shaderProgramSetGsh
                0x000000000015394c                shaderProgramUse
 .text          0x0000000000153d2c      0x348 /opt/devkitpro/libctru/lib/libctru.a(shbin.o)
                0x0000000000153d2c                DVLB_Free
                0x0000000000153d68                DVLE_GetUniformRegister
                0x0000000000153de4                DVLE_GenerateOutmap
                0x0000000000153edc                DVLB_ParseFile
 *fill*         0x0000000000154074        0x4 
 .text          0x0000000000154078     0x1aa0 /opt/devkitpro/libctru/lib/libctru.a(gpu.o)
                0x00000000001540a0                GPU_Init
                0x00000000001540cc                GPUCMD_SetBuffer
                0x00000000001540f8                GPUCMD_SetBufferOffset
                0x0000000000154108                GPUCMD_GetBuffer
                0x0000000000154148                GPUCMD_AddRawCommands
                0x0000000000154194                GPUCMD_Run
                0x00000000001541f4                GPUCMD_FlushAndRun
                0x0000000000154268                GPUCMD_Add
                0x000000000015434c                GPUCMD_Finalize
                0x00000000001543e4                GPU_Reset
                0x0000000000154bc4                GPU_SetFloatUniform
                0x0000000000154c3c                f32tof24
                0x0000000000154c54                computeInvValue
                0x0000000000154cfc                GPU_SetViewport
                0x0000000000154f18                GPU_SetScissorTest
                0x0000000000154f64                GPU_DepthMap
                0x0000000000154ffc                GPU_SetAlphaTest
                0x0000000000155034                GPU_SetStencilTest
                0x000000000015507c                GPU_SetStencilOp
                0x00000000001550b0                GPU_SetDepthTestAndWriteMask
                0x00000000001550e8                GPU_SetAlphaBlending
                0x0000000000155150                GPU_SetColorLogicOp
                0x0000000000155194                GPU_SetBlendingColor
                0x00000000001551d0                GPU_SetTextureEnable
                0x000000000015521c                GPU_SetTexture
                0x00000000001553b4                GPU_SetTextureBorderColor
                0x0000000000155448                GPU_SetAttributeBuffers
                0x0000000000155644                GPU_SetAttributeBuffersAddress
                0x0000000000155670                GPU_SetFaceCulling
                0x000000000015569c                GPU_SetTexEnv
                0x0000000000155714                GPU_DrawArray
                0x0000000000155828                GPU_DrawElements
                0x0000000000155944                GPU_FinishDrawing
                0x00000000001559a0                GPU_SetShaderOutmap
                0x00000000001559e8                GPU_SendShaderCode
                0x0000000000155aa0                GPU_SendOperandDescriptors
 .text          0x0000000000155b18        0x0 /opt/devkitpro/libctru/lib/libctru.a(gpuResetSequence.o)
 .text          0x0000000000155b18      0x8c8 /opt/devkitpro/libctru/lib/libctru.a(gsp.o)
                0x0000000000155c24                gspInit
                0x0000000000155c38                gspExit
                0x0000000000155c50                gspInitEventHandler
                0x0000000000155d1c                gspExitEventHandler
                0x0000000000155d74                gspWaitForEvent
                0x0000000000155dcc                GSPGPU_WriteHWRegs
                0x0000000000155e3c                GSPGPU_WriteHWRegsWithMask
                0x0000000000155ec8                GSPGPU_ReadHWRegs
                0x0000000000155f38                GSPGPU_SetBufferSwap
                0x0000000000155fac                GSPGPU_FlushDataCache
                0x0000000000156000                GSPGPU_InvalidateDataCache
                0x0000000000156054                GSPGPU_SetLcdForceBlack
                0x0000000000156090                GSPGPU_TriggerCmdReqQueue
                0x00000000001560c4                GSPGPU_RegisterInterruptRelayQueue
                0x0000000000156130                GSPGPU_UnregisterInterruptRelayQueue
                0x0000000000156164                GSPGPU_AcquireRight
                0x00000000001561b4                GSPGPU_ReleaseRight
                0x00000000001561e8                GSPGPU_ImportDisplayCaptureInfo
                0x000000000015626c                GSPGPU_SaveVramSysArea
                0x00000000001562a0                GSPGPU_RestoreVramSysArea
                0x00000000001562d4                GSPGPU_SubmitGxCommand
 .text          0x00000000001563e0      0x6f4 /opt/devkitpro/libctru/lib/libctru.a(hid.o)
                0x00000000001563e0                hidExit
                0x0000000000156484                hidWaitForEvent
                0x00000000001564dc                hidCheckSectionUpdateTime
                0x0000000000156518                hidScanInput
                0x000000000015674c                hidKeysHeld
                0x000000000015675c                hidKeysDown
                0x000000000015676c                hidKeysUp
                0x000000000015677c                hidTouchRead
                0x0000000000156794                hidCircleRead
                0x00000000001567ac                hidAccelRead
                0x00000000001567cc                hidGyroRead
                0x00000000001567ec                HIDUSER_GetHandles
                0x000000000015687c                hidInit
                0x00000000001569b0                HIDUSER_EnableAccelerometer
                0x00000000001569dc                HIDUSER_DisableAccelerometer
                0x0000000000156a08                HIDUSER_EnableGyroscope
                0x0000000000156a34                HIDUSER_DisableGyroscope
                0x0000000000156a60                HIDUSER_GetGyroscopeRawToDpsCoefficient
                0x0000000000156a9c                HIDUSER_GetSoundVolume
 .text          0x0000000000156ad4      0x164 /opt/devkitpro/libctru/lib/libctru.a(ptm.o)
                0x0000000000156ad4                ptmInit
                0x0000000000156ae8                ptmExit
                0x0000000000156af8                PTMU_GetShellState
                0x0000000000156b38                PTMU_GetBatteryLevel
                0x0000000000156b78                PTMU_GetBatteryChargeState
                0x0000000000156bb8                PTMU_GetPedometerState
                0x0000000000156bf8                PTMU_GetTotalStepCount
 .text          0x0000000000156c38     0x1cf8 /opt/devkitpro/libctru/lib/libctru.a(apt.o)
                0x0000000000156c9c                _aptDebug
                0x0000000000156ca0                aptInitCaptureInfo
                0x0000000000156d50                aptWaitStatusEvent
                0x0000000000156d78                aptHook
                0x0000000000156db0                aptUnhook
                0x0000000000156ddc                aptGetStatus
                0x0000000000156e14                aptSetStatus
                0x0000000000156e78                aptGetStatusPower
                0x0000000000156eb0                aptSetStatusPower
                0x0000000000156ee8                aptOpenSession
                0x0000000000156f0c                aptCloseSession
                0x0000000000156f34                aptSignalReadyForSleep
                0x0000000000156f44                APT_GetLockHandle
                0x0000000000156f94                APT_Initialize
                0x0000000000156ffc                APT_Finalize
                0x0000000000157038                APT_HardwareResetAsync
                0x000000000015706c                APT_Enable
                0x00000000001570a8                APT_GetAppletManInfo
                0x0000000000157128                aptGetMenuAppID
                0x0000000000157164                APT_IsRegistered
                0x00000000001571b4                APT_InquireNotification
                0x0000000000157204                APT_PrepareToJumpToHomeMenu
                0x0000000000157238                APT_JumpToHomeMenu
                0x0000000000157288                APT_PrepareToJumpToApplication
                0x00000000001572c4                APT_JumpToApplication
                0x0000000000157314                APT_NotifyToWait
                0x0000000000157350                APT_AppletUtility
                0x00000000001573d8                aptAppletUtility_Exit_RetToApp
                0x00000000001574f8                aptAppletClosed
                0x0000000000157634                aptInit
                0x00000000001577ec                APT_GlanceParameter
                0x0000000000157860                APT_ReceiveParameter
                0x00000000001578d4                APT_SendParameter
                0x0000000000157944                APT_SendCaptureBufferInfo
                0x0000000000157990                aptReturnToMenu
                0x0000000000157b64                APT_ReplySleepQuery
                0x0000000000157ba4                APT_ReplySleepNotificationComplete
                0x0000000000157be0                aptEventHandler
                0x0000000000157eec                APT_PrepareToCloseApplication
                0x0000000000157f28                APT_CloseApplication
                0x0000000000157f80                aptExit
                0x000000000015816c                APT_SetAppCpuTimeLimit
                0x00000000001581b0                APT_GetAppCpuTimeLimit
                0x0000000000158204                APT_CheckNew3DS_Application
                0x0000000000158260                APT_CheckNew3DS_System
                0x00000000001582bc                APT_CheckNew3DS
                0x0000000000158330                APT_PrepareToDoAppJump
                0x000000000015837c                APT_DoAppJump
                0x00000000001583e4                APT_PrepareToStartLibraryApplet
                0x0000000000158420                APT_StartLibraryApplet
                0x0000000000158480                aptAppletStarted
                0x0000000000158584                aptMainLoop
                0x00000000001586fc                APT_LaunchLibraryApplet
                0x0000000000158894                APT_PrepareToStartSystemApplet
                0x00000000001588d0                APT_StartSystemApplet
 .text          0x0000000000158930      0x264 /opt/devkitpro/libctru/lib/libctru.a(gx.o)
                0x0000000000158930                GX_RequestDma
                0x0000000000158984                GX_SetCommandList_Last
                0x00000000001589ec                GX_SetMemoryFill
                0x0000000000158a60                GX_SetDisplayTransfer
                0x0000000000158ac4                GX_SetTextureCopy
                0x0000000000158b2c                GX_SetCommandList_First
 .text          0x0000000000158b94       0x14 /opt/devkitpro/libctru/lib/libctru.a(rbtree_init.o)
                0x0000000000158b94                rbtree_init
 .text          0x0000000000158ba8      0x1f4 /opt/devkitpro/libctru/lib/libctru.a(rbtree_insert.o)
                0x0000000000158d8c                rbtree_insert
                0x0000000000158d94                rbtree_insert_multi
 .text          0x0000000000158d9c       0xac /opt/devkitpro/libctru/lib/libctru.a(rbtree_rotate.o)
                0x0000000000158d9c                rbtree_rotate
 .text          0x0000000000158e48      0x340 /opt/devkitpro/libctru/lib/libctru.a(rbtree_remove.o)
                0x0000000000158e48                rbtree_remove
 .text          0x0000000000159188       0x70 /opt/devkitpro/libctru/lib/libctru.a(rbtree_find.o)
                0x0000000000159188                rbtree_find
 .text          0x00000000001591f8       0x4c /opt/devkitpro/libctru/lib/libctru.a(initSystem.o)
                0x00000000001591f8                __libctru_init
 .text          0x0000000000159244       0xa4 /opt/devkitpro/libctru/lib/libctru.a(allocateHeaps.o)
                0x0000000000159244                __system_allocateHeaps
 .text          0x00000000001592e8       0xf4 /opt/devkitpro/libctru/lib/libctru.a(initArgv.o)
                0x00000000001592e8                __system_initArgv
 *fill*         0x00000000001593dc        0x4 
 .text          0x00000000001593e0      0x3d0 /opt/devkitpro/libctru/lib/libctru.a(svc.o)
                0x00000000001593e0                svcControlMemory
                0x0000000000159400                svcQueryMemory
                0x0000000000159430                svcExitProcess
                0x0000000000159438                svcCreateThread
                0x0000000000159458                svcExitThread
                0x0000000000159460                svcSleepThread
                0x0000000000159468                svcGetThreadPriority
                0x000000000015947c                svcSetThreadPriority
                0x0000000000159484                svcGetThreadAffinityMask
                0x000000000015948c                svcSetThreadAffinityMask
                0x0000000000159494                svcGetThreadIdealProcessor
                0x00000000001594a8                svcSetThreadIdealProcessor
                0x00000000001594b0                svcGetProcessorID
                0x00000000001594b8                svcCreateMutex
                0x00000000001594cc                svcReleaseMutex
                0x00000000001594d4                svcCreateSemaphore
                0x00000000001594e8                svcReleaseSemaphore
                0x00000000001594fc                svcCreateEvent
                0x0000000000159510                svcSignalEvent
                0x0000000000159518                svcClearEvent
                0x0000000000159520                svcCreateTimer
                0x0000000000159534                svcSetTimer
                0x000000000015953c                svcCancelTimer
                0x0000000000159544                svcClearTimer
                0x000000000015954c                svcCreateMemoryBlock
                0x0000000000159564                svcMapMemoryBlock
                0x000000000015956c                svcUnmapMemoryBlock
                0x0000000000159574                svcCreateAddressArbiter
                0x0000000000159588                svcArbitrateAddress
                0x00000000001595a8                svcCloseHandle
                0x00000000001595b0                svcWaitSynchronization
                0x00000000001595b8                svcWaitSynchronizationN
                0x00000000001595e0                svcDuplicateHandle
                0x00000000001595f4                svcGetSystemTick
                0x00000000001595fc                svcGetSystemInfo
                0x0000000000159614                svcGetProcessInfo
                0x000000000015962c                svcGetThreadInfo
                0x0000000000159644                svcConnectToPort
                0x0000000000159658                svcSendSyncRequest
                0x0000000000159660                svcOpenProcess
                0x0000000000159674                svcOpenThread
                0x0000000000159688                svcGetProcessId
                0x000000000015969c                svcGetProcessIdOfThread
                0x00000000001596b0                svcGetThreadId
                0x00000000001596c4                svcOutputDebugString
                0x00000000001596cc                svcCreatePort
                0x00000000001596ec                svcDebugActiveProcess
                0x0000000000159700                svcBreakDebugProcess
                0x0000000000159708                svcTerminateDebugProcess
                0x0000000000159710                svcGetProcessDebugEvent
                0x0000000000159718                svcContinueDebugEvent
                0x0000000000159720                svcGetProcessList
                0x0000000000159740                svcReadProcessMemory
                0x0000000000159748                svcWriteProcessMemory
                0x0000000000159750                svcControlProcessMemory
                0x0000000000159768                svcMapProcessMemory
                0x0000000000159770                svcUnmapProcessMemory
                0x0000000000159778                svcBackdoor
                0x0000000000159780                svcQueryProcessMemory
 .text          0x00000000001597b0       0x64 /opt/devkitpro/libctru/lib/libctru.a(stack_adjust.o)
                0x00000000001597b0                initSystem
                0x00000000001597f4                __ctru_exit
 .text          0x0000000000159814        0x0 /opt/devkitpro/libctru/lib/libctru.a(default_font.bin.o)
 .text          0x0000000000159814      0x3b8 /opt/devkitpro/libctru/lib/libctru.a(srv.o)
                0x0000000000159814                __get_handle_from_list
                0x00000000001598ac                __destroy_handle_list
                0x0000000000159900                srvExit
                0x0000000000159928                srvGetSessionHandle
                0x0000000000159934                srvRegisterClient
                0x000000000015996c                srvInit
                0x00000000001599d4                srvGetServiceHandle
                0x0000000000159a54                srvRegisterService
                0x0000000000159ab0                srvUnregisterService
                0x0000000000159afc                srvPmInit
                0x0000000000159b50                srvRegisterProcess
                0x0000000000159b98                srvUnregisterProcess
 .text          0x0000000000159bcc      0x388 /opt/devkitpro/libctru/lib/libctru.a(irrst.o)
                0x0000000000159bcc                irrstWaitForEvent
                0x0000000000159c18                irrstCheckSectionUpdateTime
                0x0000000000159c54                irrstScanInput
                0x0000000000159d08                irrstKeysHeld
                0x0000000000159d20                irrstCstickRead
                0x0000000000159d38                IRRST_GetHandles
                0x0000000000159d88                IRRST_Initialize
                0x0000000000159dc0                irrstInit
                0x0000000000159ea4                IRRST_Shutdown
                0x0000000000159ed0                irrstExit
 .text          0x0000000000159f54      0x118 /opt/devkitpro/libctru/lib/libctru.a(rbtree_iterator.o)
                0x0000000000159f54                rbtree_node_next
                0x0000000000159fe0                rbtree_node_prev
 .text          0x000000000015a06c       0x20 /opt/devkitpro/libctru/lib/libctru.a(appInit.o)
                0x000000000015a06c                __appInit
 .text          0x000000000015a08c       0x1c /opt/devkitpro/libctru/lib/libctru.a(appExit.o)
                0x000000000015a08c                __appExit
 .text          0x000000000015a0a8       0x90 /opt/devkitpro/libctru/lib/libctru.a(ctru_exit.o)
                0x000000000015a0a8                __libctru_exit
 .text          0x000000000015a138      0xffc /opt/devkitpro/libctru/lib/libctru.a(sdmc_dev.o)
                0x000000000015afb4                sdmcInit
                0x000000000015b0e4                sdmcExit
 .text          0x000000000015b134      0xc88 /opt/devkitpro/libctru/lib/libctru.a(fs.o)
                0x000000000015b134                FS_makePath
                0x000000000015b160                fsExit
                0x000000000015b184                fsGetSessionHandle
                0x000000000015b190                FSUSER_Initialize
                0x000000000015b204                fsInit
                0x000000000015b270                FSUSER_OpenFile
                0x000000000015b31c                FSUSER_OpenFileDirectly
                0x000000000015b3e8                FSUSER_DeleteFile
                0x000000000015b470                FSUSER_RenameFile
                0x000000000015b534                FSUSER_DeleteDirectory
                0x000000000015b5bc                FSUSER_DeleteDirectoryRecursively
                0x000000000015b644                FSUSER_CreateFile
                0x000000000015b6dc                FSUSER_CreateDirectory
                0x000000000015b768                FSUSER_RenameDirectory
                0x000000000015b82c                FSUSER_OpenDirectory
                0x000000000015b8c0                FSUSER_OpenArchive
                0x000000000015b948                FSUSER_CloseArchive
                0x000000000015b9a0                FSUSER_GetSdmcArchiveResource
                0x000000000015ba1c                FSUSER_GetNandArchiveResource
                0x000000000015ba98                FSUSER_IsSdmcDetected
                0x000000000015bae4                FSUSER_IsSdmcWritable
                0x000000000015bb30                FSFILE_Close
                0x000000000015bb74                FSFILE_Read
                0x000000000015bbd0                FSFILE_Write
                0x000000000015bc34                FSFILE_GetSize
                0x000000000015bc74                FSFILE_SetSize
                0x000000000015bca0                FSFILE_GetAttributes
                0x000000000015bcd8                FSFILE_SetAttributes
                0x000000000015bd00                FSFILE_Flush
                0x000000000015bd24                FSDIR_Read
                0x000000000015bd78                FSDIR_Close
 .text          0x000000000015bdbc       0xb8 /opt/devkitpro/libctru/lib/libctru.a(utf8_to_utf16.o)
                0x000000000015bdbc                utf8_to_utf16
 .text          0x000000000015be74      0x138 /opt/devkitpro/libctru/lib/libctru.a(decode_utf8.o)
                0x000000000015be74                decode_utf8
 .text          0x000000000015bfac       0xe8 /opt/devkitpro/libctru/lib/libctru.a(utf16_to_utf8.o)
                0x000000000015bfac                utf16_to_utf8
 .text          0x000000000015c094       0x68 /opt/devkitpro/libctru/lib/libctru.a(encode_utf16.o)
                0x000000000015c094                encode_utf16
 .text          0x000000000015c0fc      0x104 /opt/devkitpro/libctru/lib/libctru.a(encode_utf8.o)
                0x000000000015c0fc                encode_utf8
 .text          0x000000000015c200       0x60 /opt/devkitpro/libctru/lib/libctru.a(decode_utf16.o)
                0x000000000015c200                decode_utf16
 .text          0x000000000015c260        0x0 /opt/devkitpro/devkitARM/lib/gcc/arm-none-eabi/4.9.2/../../../../arm-none-eabi/lib/armv6k/fpu/libm.a(lib_a-s_atan.o)
 .text          0x000000000015c260        0x0 /opt/devkitpro/devkitARM/lib/gcc/arm-none-eabi/4.9.2/../../../../arm-none-eabi/lib/armv6k/fpu/libm.a(lib_a-s_ceil.o)
 .text          0x000000000015c260        0x0 /opt/devkitpro/devkitARM/lib/gcc/arm-none-eabi/4.9.2/../../../../arm-none-eabi/lib/armv6k/fpu/libm.a(lib_a-s_cos.o)
 .text          0x000000000015c260        0x0 /opt/devkitpro/devkitARM/lib/gcc/arm-none-eabi/4.9.2/../../../../arm-none-eabi/lib/armv6k/fpu/libm.a(lib_a-s_fabs.o)
 .text          0x000000000015c260        0x0 /opt/devkitpro/devkitARM/lib/gcc/arm-none-eabi/4.9.2/../../../../arm-none-eabi/lib/armv6k/fpu/libm.a(lib_a-sf_cos.o)
 .text          0x000000000015c260        0x0 /opt/devkitpro/devkitARM/lib/gcc/arm-none-eabi/4.9.2/../../../../arm-none-eabi/lib/armv6k/fpu/libm.a(lib_a-s_floor.o)
 .text          0x000000000015c260        0x0 /opt/devkitpro/devkitARM/lib/gcc/arm-none-eabi/4.9.2/../../../../arm-none-eabi/lib/armv6k/fpu/libm.a(lib_a-s_frexp.o)
 .text          0x000000000015c260        0x0 /opt/devkitpro/devkitARM/lib/gcc/arm-none-eabi/4.9.2/../../../../arm-none-eabi/lib/armv6k/fpu/libm.a(lib_a-sf_sin.o)
 .text          0x000000000015c260        0x0 /opt/devkitpro/devkitARM/lib/gcc/arm-none-eabi/4.9.2/../../../../arm-none-eabi/lib/armv6k/fpu/libm.a(lib_a-s_ldexp.o)
 .text          0x000000000015c260        0x0 /opt/devkitpro/devkitARM/lib/gcc/arm-none-eabi/4.9.2/../../../../arm-none-eabi/lib/armv6k/fpu/libm.a(lib_a-s_modf.o)
 .text          0x000000000015c260        0x0 /opt/devkitpro/devkitARM/lib/gcc/arm-none-eabi/4.9.2/../../../../arm-none-eabi/lib/armv6k/fpu/libm.a(lib_a-s_scalbn.o)
 .text          0x000000000015c260        0x0 /opt/devkitpro/devkitARM/lib/gcc/arm-none-eabi/4.9.2/../../../../arm-none-eabi/lib/armv6k/fpu/libm.a(lib_a-s_sin.o)
 .text          0x000000000015c260        0x0 /opt/devkitpro/devkitARM/lib/gcc/arm-none-eabi/4.9.2/../../../../arm-none-eabi/lib/armv6k/fpu/libm.a(lib_a-s_tanh.o)
 .text          0x000000000015c260        0x0 /opt/devkitpro/devkitARM/lib/gcc/arm-none-eabi/4.9.2/../../../../arm-none-eabi/lib/armv6k/fpu/libm.a(lib_a-s_tan.o)
 .text          0x000000000015c260        0x0 /opt/devkitpro/devkitARM/lib/gcc/arm-none-eabi/4.9.2/../../../../arm-none-eabi/lib/armv6k/fpu/libm.a(lib_a-w_acos.o)
 .text          0x000000000015c260        0x0 /opt/devkitpro/devkitARM/lib/gcc/arm-none-eabi/4.9.2/../../../../arm-none-eabi/lib/armv6k/fpu/libm.a(lib_a-w_asin.o)
 .text          0x000000000015c260        0x0 /opt/devkitpro/devkitARM/lib/gcc/arm-none-eabi/4.9.2/../../../../arm-none-eabi/lib/armv6k/fpu/libm.a(lib_a-w_atan2.o)
 .text          0x000000000015c260        0x0 /opt/devkitpro/devkitARM/lib/gcc/arm-none-eabi/4.9.2/../../../../arm-none-eabi/lib/armv6k/fpu/libm.a(lib_a-w_cosh.o)
 .text          0x000000000015c260        0x0 /opt/devkitpro/devkitARM/lib/gcc/arm-none-eabi/4.9.2/../../../../arm-none-eabi/lib/armv6k/fpu/libm.a(lib_a-w_exp.o)
 .text          0x000000000015c260        0x0 /opt/devkitpro/devkitARM/lib/gcc/arm-none-eabi/4.9.2/../../../../arm-none-eabi/lib/armv6k/fpu/libm.a(lib_a-w_fmod.o)
 .text          0x000000000015c260        0x0 /opt/devkitpro/devkitARM/lib/gcc/arm-none-eabi/4.9.2/../../../../arm-none-eabi/lib/armv6k/fpu/libm.a(lib_a-w_log10.o)
 .text          0x000000000015c260        0x0 /opt/devkitpro/devkitARM/lib/gcc/arm-none-eabi/4.9.2/../../../../arm-none-eabi/lib/armv6k/fpu/libm.a(lib_a-w_log.o)
 .text          0x000000000015c260        0x0 /opt/devkitpro/devkitARM/lib/gcc/arm-none-eabi/4.9.2/../../../../arm-none-eabi/lib/armv6k/fpu/libm.a(lib_a-w_pow.o)
 .text          0x000000000015c260        0x0 /opt/devkitpro/devkitARM/lib/gcc/arm-none-eabi/4.9.2/../../../../arm-none-eabi/lib/armv6k/fpu/libm.a(lib_a-w_sinh.o)
 .text          0x000000000015c260        0x0 /opt/devkitpro/devkitARM/lib/gcc/arm-none-eabi/4.9.2/../../../../arm-none-eabi/lib/armv6k/fpu/libm.a(lib_a-e_acos.o)
 .text          0x000000000015c260        0x0 /opt/devkitpro/devkitARM/lib/gcc/arm-none-eabi/4.9.2/../../../../arm-none-eabi/lib/armv6k/fpu/libm.a(lib_a-e_asin.o)
 .text          0x000000000015c260        0x0 /opt/devkitpro/devkitARM/lib/gcc/arm-none-eabi/4.9.2/../../../../arm-none-eabi/lib/armv6k/fpu/libm.a(lib_a-e_atan2.o)
 .text          0x000000000015c260        0x0 /opt/devkitpro/devkitARM/lib/gcc/arm-none-eabi/4.9.2/../../../../arm-none-eabi/lib/armv6k/fpu/libm.a(lib_a-e_cosh.o)
 .text          0x000000000015c260        0x0 /opt/devkitpro/devkitARM/lib/gcc/arm-none-eabi/4.9.2/../../../../arm-none-eabi/lib/armv6k/fpu/libm.a(lib_a-e_exp.o)
 .text          0x000000000015c260        0x0 /opt/devkitpro/devkitARM/lib/gcc/arm-none-eabi/4.9.2/../../../../arm-none-eabi/lib/armv6k/fpu/libm.a(lib_a-e_fmod.o)
 .text          0x000000000015c260        0x0 /opt/devkitpro/devkitARM/lib/gcc/arm-none-eabi/4.9.2/../../../../arm-none-eabi/lib/armv6k/fpu/libm.a(lib_a-ef_rem_pio2.o)
 .text          0x000000000015c260        0x0 /opt/devkitpro/devkitARM/lib/gcc/arm-none-eabi/4.9.2/../../../../arm-none-eabi/lib/armv6k/fpu/libm.a(lib_a-e_log10.o)
 .text          0x000000000015c260        0x0 /opt/devkitpro/devkitARM/lib/gcc/arm-none-eabi/4.9.2/../../../../arm-none-eabi/lib/armv6k/fpu/libm.a(lib_a-e_log.o)
 .text          0x000000000015c260        0x0 /opt/devkitpro/devkitARM/lib/gcc/arm-none-eabi/4.9.2/../../../../arm-none-eabi/lib/armv6k/fpu/libm.a(lib_a-e_pow.o)
 .text          0x000000000015c260        0x0 /opt/devkitpro/devkitARM/lib/gcc/arm-none-eabi/4.9.2/../../../../arm-none-eabi/lib/armv6k/fpu/libm.a(lib_a-e_rem_pio2.o)
 .text          0x000000000015c260        0x0 /opt/devkitpro/devkitARM/lib/gcc/arm-none-eabi/4.9.2/../../../../arm-none-eabi/lib/armv6k/fpu/libm.a(lib_a-e_sinh.o)
 .text          0x000000000015c260        0x0 /opt/devkitpro/devkitARM/lib/gcc/arm-none-eabi/4.9.2/../../../../arm-none-eabi/lib/armv6k/fpu/libm.a(lib_a-e_sqrt.o)
 .text          0x000000000015c260        0x0 /opt/devkitpro/devkitARM/lib/gcc/arm-none-eabi/4.9.2/../../../../arm-none-eabi/lib/armv6k/fpu/libm.a(lib_a-k_cos.o)
 .text          0x000000000015c260        0x0 /opt/devkitpro/devkitARM/lib/gcc/arm-none-eabi/4.9.2/../../../../arm-none-eabi/lib/armv6k/fpu/libm.a(lib_a-kf_cos.o)
 .text          0x000000000015c260        0x0 /opt/devkitpro/devkitARM/lib/gcc/arm-none-eabi/4.9.2/../../../../arm-none-eabi/lib/armv6k/fpu/libm.a(lib_a-kf_rem_pio2.o)
 .text          0x000000000015c260        0x0 /opt/devkitpro/devkitARM/lib/gcc/arm-none-eabi/4.9.2/../../../../arm-none-eabi/lib/armv6k/fpu/libm.a(lib_a-kf_sin.o)
 .text          0x000000000015c260        0x0 /opt/devkitpro/devkitARM/lib/gcc/arm-none-eabi/4.9.2/../../../../arm-none-eabi/lib/armv6k/fpu/libm.a(lib_a-k_rem_pio2.o)
 .text          0x000000000015c260        0x0 /opt/devkitpro/devkitARM/lib/gcc/arm-none-eabi/4.9.2/../../../../arm-none-eabi/lib/armv6k/fpu/libm.a(lib_a-k_sin.o)
 .text          0x000000000015c260        0x0 /opt/devkitpro/devkitARM/lib/gcc/arm-none-eabi/4.9.2/../../../../arm-none-eabi/lib/armv6k/fpu/libm.a(lib_a-k_tan.o)
 .text          0x000000000015c260        0x0 /opt/devkitpro/devkitARM/lib/gcc/arm-none-eabi/4.9.2/../../../../arm-none-eabi/lib/armv6k/fpu/libm.a(lib_a-s_copysign.o)
 .text          0x000000000015c260        0x0 /opt/devkitpro/devkitARM/lib/gcc/arm-none-eabi/4.9.2/../../../../arm-none-eabi/lib/armv6k/fpu/libm.a(lib_a-s_expm1.o)
 .text          0x000000000015c260        0x0 /opt/devkitpro/devkitARM/lib/gcc/arm-none-eabi/4.9.2/../../../../arm-none-eabi/lib/armv6k/fpu/libm.a(lib_a-sf_fabs.o)
 .text          0x000000000015c260        0x0 /opt/devkitpro/devkitARM/lib/gcc/arm-none-eabi/4.9.2/../../../../arm-none-eabi/lib/armv6k/fpu/libm.a(lib_a-sf_floor.o)
 .text          0x000000000015c260        0x0 /opt/devkitpro/devkitARM/lib/gcc/arm-none-eabi/4.9.2/../../../../arm-none-eabi/lib/armv6k/fpu/libm.a(lib_a-s_finite.o)
 .text          0x000000000015c260        0x0 /opt/devkitpro/devkitARM/lib/gcc/arm-none-eabi/4.9.2/../../../../arm-none-eabi/lib/armv6k/fpu/libm.a(lib_a-s_fpclassify.o)
 .text          0x000000000015c260        0x0 /opt/devkitpro/devkitARM/lib/gcc/arm-none-eabi/4.9.2/../../../../arm-none-eabi/lib/armv6k/fpu/libm.a(lib_a-sf_scalbn.o)
 .text          0x000000000015c260        0x0 /opt/devkitpro/devkitARM/lib/gcc/arm-none-eabi/4.9.2/../../../../arm-none-eabi/lib/armv6k/fpu/libm.a(lib_a-s_lib_ver.o)